Archive member included to satisfy reference by file (symbol)

/home/franek/st/stm32cubeclt_1.17.0_2/GNU-tools-for-STM32/bin/../lib/gcc/arm-none-eabi/12.3.1/../../../../arm-none-eabi/lib/thumb/v7e-m+fp/hard/libc_nano.a(libc_a-exit.o)
                              /home/franek/st/stm32cubeclt_1.17.0_2/GNU-tools-for-STM32/bin/../lib/gcc/arm-none-eabi/12.3.1/../../../../arm-none-eabi/lib/thumb/v7e-m+fp/hard/crt0.o (exit)
/home/franek/st/stm32cubeclt_1.17.0_2/GNU-tools-for-STM32/bin/../lib/gcc/arm-none-eabi/12.3.1/../../../../arm-none-eabi/lib/thumb/v7e-m+fp/hard/libc_nano.a(libc_a-nano-vfprintf_float.o)
                              (_printf_float)
/home/franek/st/stm32cubeclt_1.17.0_2/GNU-tools-for-STM32/bin/../lib/gcc/arm-none-eabi/12.3.1/../../../../arm-none-eabi/lib/thumb/v7e-m+fp/hard/libc_nano.a(libc_a-nano-vfprintf_i.o)
                              /home/franek/st/stm32cubeclt_1.17.0_2/GNU-tools-for-STM32/bin/../lib/gcc/arm-none-eabi/12.3.1/../../../../arm-none-eabi/lib/thumb/v7e-m+fp/hard/libc_nano.a(libc_a-nano-vfprintf_float.o) (_printf_common)
/home/franek/st/stm32cubeclt_1.17.0_2/GNU-tools-for-STM32/bin/../lib/gcc/arm-none-eabi/12.3.1/../../../../arm-none-eabi/lib/thumb/v7e-m+fp/hard/libc_nano.a(libc_a-findfp.o)
                              /home/franek/st/stm32cubeclt_1.17.0_2/GNU-tools-for-STM32/bin/../lib/gcc/arm-none-eabi/12.3.1/../../../../arm-none-eabi/lib/thumb/v7e-m+fp/hard/libc_nano.a(libc_a-exit.o) (__stdio_exit_handler)
/home/franek/st/stm32cubeclt_1.17.0_2/GNU-tools-for-STM32/bin/../lib/gcc/arm-none-eabi/12.3.1/../../../../arm-none-eabi/lib/thumb/v7e-m+fp/hard/libc_nano.a(libc_a-fwalk.o)
                              /home/franek/st/stm32cubeclt_1.17.0_2/GNU-tools-for-STM32/bin/../lib/gcc/arm-none-eabi/12.3.1/../../../../arm-none-eabi/lib/thumb/v7e-m+fp/hard/libc_nano.a(libc_a-findfp.o) (_fwalk_sglue)
/home/franek/st/stm32cubeclt_1.17.0_2/GNU-tools-for-STM32/bin/../lib/gcc/arm-none-eabi/12.3.1/../../../../arm-none-eabi/lib/thumb/v7e-m+fp/hard/libc_nano.a(libc_a-printf.o)
                              CMakeFiles/devcontainer-stm32-cubemx-clean.dir/Core/Src/system_clock.c.obj (printf)
/home/franek/st/stm32cubeclt_1.17.0_2/GNU-tools-for-STM32/bin/../lib/gcc/arm-none-eabi/12.3.1/../../../../arm-none-eabi/lib/thumb/v7e-m+fp/hard/libc_nano.a(libc_a-stdio.o)
                              /home/franek/st/stm32cubeclt_1.17.0_2/GNU-tools-for-STM32/bin/../lib/gcc/arm-none-eabi/12.3.1/../../../../arm-none-eabi/lib/thumb/v7e-m+fp/hard/libc_nano.a(libc_a-findfp.o) (__sread)
/home/franek/st/stm32cubeclt_1.17.0_2/GNU-tools-for-STM32/bin/../lib/gcc/arm-none-eabi/12.3.1/../../../../arm-none-eabi/lib/thumb/v7e-m+fp/hard/libc_nano.a(libc_a-memset.o)
                              /home/franek/st/stm32cubeclt_1.17.0_2/GNU-tools-for-STM32/bin/../lib/gcc/arm-none-eabi/12.3.1/../../../../arm-none-eabi/lib/thumb/v7e-m+fp/hard/crt0.o (memset)
/home/franek/st/stm32cubeclt_1.17.0_2/GNU-tools-for-STM32/bin/../lib/gcc/arm-none-eabi/12.3.1/../../../../arm-none-eabi/lib/thumb/v7e-m+fp/hard/libc_nano.a(libc_a-localeconv.o)
                              /home/franek/st/stm32cubeclt_1.17.0_2/GNU-tools-for-STM32/bin/../lib/gcc/arm-none-eabi/12.3.1/../../../../arm-none-eabi/lib/thumb/v7e-m+fp/hard/libc_nano.a(libc_a-nano-vfprintf_float.o) (_localeconv_r)
/home/franek/st/stm32cubeclt_1.17.0_2/GNU-tools-for-STM32/bin/../lib/gcc/arm-none-eabi/12.3.1/../../../../arm-none-eabi/lib/thumb/v7e-m+fp/hard/libc_nano.a(libc_a-closer.o)
                              /home/franek/st/stm32cubeclt_1.17.0_2/GNU-tools-for-STM32/bin/../lib/gcc/arm-none-eabi/12.3.1/../../../../arm-none-eabi/lib/thumb/v7e-m+fp/hard/libc_nano.a(libc_a-stdio.o) (_close_r)
/home/franek/st/stm32cubeclt_1.17.0_2/GNU-tools-for-STM32/bin/../lib/gcc/arm-none-eabi/12.3.1/../../../../arm-none-eabi/lib/thumb/v7e-m+fp/hard/libc_nano.a(libc_a-reent.o)
                              /home/franek/st/stm32cubeclt_1.17.0_2/GNU-tools-for-STM32/bin/../lib/gcc/arm-none-eabi/12.3.1/../../../../arm-none-eabi/lib/thumb/v7e-m+fp/hard/libc_nano.a(libc_a-closer.o) (errno)
/home/franek/st/stm32cubeclt_1.17.0_2/GNU-tools-for-STM32/bin/../lib/gcc/arm-none-eabi/12.3.1/../../../../arm-none-eabi/lib/thumb/v7e-m+fp/hard/libc_nano.a(libc_a-impure.o)
                              /home/franek/st/stm32cubeclt_1.17.0_2/GNU-tools-for-STM32/bin/../lib/gcc/arm-none-eabi/12.3.1/../../../../arm-none-eabi/lib/thumb/v7e-m+fp/hard/libc_nano.a(libc_a-printf.o) (_impure_ptr)
/home/franek/st/stm32cubeclt_1.17.0_2/GNU-tools-for-STM32/bin/../lib/gcc/arm-none-eabi/12.3.1/../../../../arm-none-eabi/lib/thumb/v7e-m+fp/hard/libc_nano.a(libc_a-lseekr.o)
                              /home/franek/st/stm32cubeclt_1.17.0_2/GNU-tools-for-STM32/bin/../lib/gcc/arm-none-eabi/12.3.1/../../../../arm-none-eabi/lib/thumb/v7e-m+fp/hard/libc_nano.a(libc_a-stdio.o) (_lseek_r)
[...]
Memory Configuration

Name             Origin             Length             Attributes
RAM              0x20000000         0x00018000         xrw
RAM2             0x10000000         0x00008000         xrw
FLASH            0x08000000         0x00100000         xr
*default*        0x00000000         0xffffffff

Linker script and memory map

LOAD /home/franek/st/stm32cubeclt_1.17.0_2/GNU-tools-for-STM32/bin/../lib/gcc/arm-none-eabi/12.3.1/thumb/v7e-m+fp/hard/crti.o
LOAD /home/franek/st/stm32cubeclt_1.17.0_2/GNU-tools-for-STM32/bin/../lib/gcc/arm-none-eabi/12.3.1/thumb/v7e-m+fp/hard/crtbegin.o
LOAD /home/franek/st/stm32cubeclt_1.17.0_2/GNU-tools-for-STM32/bin/../lib/gcc/arm-none-eabi/12.3.1/../../../../arm-none-eabi/lib/thumb/v7e-m+fp/hard/crt0.o
START GROUP
END GROUP
START GROUP
LOAD /home/franek/st/stm32cubeclt_1.17.0_2/GNU-tools-for-STM32/bin/../lib/gcc/arm-none-eabi/12.3.1/../../../../arm-none-eabi/lib/thumb/v7e-m+fp/hard/libstdc++_nano.a
LOAD /home/franek/st/stm32cubeclt_1.17.0_2/GNU-tools-for-STM32/bin/../lib/gcc/arm-none-eabi/12.3.1/../../../../arm-none-eabi/lib/thumb/v7e-m+fp/hard/libsupc++_nano.a
END GROUP
LOAD CMakeFiles/devcontainer-stm32-cubemx-clean.dir/Core/Src/system_clock.c.obj
LOAD CMakeFiles/devcontainer-stm32-cubemx-clean.dir/Core/Src/stm32l4xx_it.c.obj
LOAD CMakeFiles/devcontainer-stm32-cubemx-clean.dir/Core/Src/stm32l4xx_hal_msp.c.obj
LOAD CMakeFiles/devcontainer-stm32-cubemx-clean.dir/Core/Src/system_stm32l4xx.c.obj
LOAD CMakeFiles/devcontainer-stm32-cubemx-clean.dir/Core/Src/sysmem.c.obj
LOAD CMakeFiles/devcontainer-stm32-cubemx-clean.dir/Core/Src/syscalls.c.obj
LOAD CMakeFiles/devcontainer-stm32-cubemx-clean.dir/Core/Src/main.cpp.obj
LOAD CMakeFiles/devcontainer-stm32-cubemx-clean.dir/Drivers/STM32L4xx_HAL_Driver/Src/stm32l4xx_hal_i2c.c.obj
LOAD CMakeFiles/devcontainer-stm32-cubemx-clean.dir/Drivers/STM32L4xx_HAL_Driver/Src/stm32l4xx_hal_i2c_ex.c.obj
LOAD CMakeFiles/devcontainer-stm32-cubemx-clean.dir/Drivers/STM32L4xx_HAL_Driver/Src/stm32l4xx_hal.c.obj
LOAD CMakeFiles/devcontainer-stm32-cubemx-clean.dir/Drivers/STM32L4xx_HAL_Driver/Src/stm32l4xx_hal_rcc.c.obj
LOAD CMakeFiles/devcontainer-stm32-cubemx-clean.dir/Drivers/STM32L4xx_HAL_Driver/Src/stm32l4xx_hal_rcc_ex.c.obj
LOAD CMakeFiles/devcontainer-stm32-cubemx-clean.dir/Drivers/STM32L4xx_HAL_Driver/Src/stm32l4xx_hal_flash.c.obj
LOAD CMakeFiles/devcontainer-stm32-cubemx-clean.dir/Drivers/STM32L4xx_HAL_Driver/Src/stm32l4xx_hal_flash_ex.c.obj
LOAD CMakeFiles/devcontainer-stm32-cubemx-clean.dir/Drivers/STM32L4xx_HAL_Driver/Src/stm32l4xx_hal_flash_ramfunc.c.obj
LOAD CMakeFiles/devcontainer-stm32-cubemx-clean.dir/Drivers/STM32L4xx_HAL_Driver/Src/stm32l4xx_hal_gpio.c.obj
LOAD CMakeFiles/devcontainer-stm32-cubemx-clean.dir/Drivers/STM32L4xx_HAL_Driver/Src/stm32l4xx_hal_dma.c.obj
LOAD CMakeFiles/devcontainer-stm32-cubemx-clean.dir/Drivers/STM32L4xx_HAL_Driver/Src/stm32l4xx_hal_dma_ex.c.obj
LOAD CMakeFiles/devcontainer-stm32-cubemx-clean.dir/Drivers/STM32L4xx_HAL_Driver/Src/stm32l4xx_hal_pwr.c.obj
LOAD CMakeFiles/devcontainer-stm32-cubemx-clean.dir/Drivers/STM32L4xx_HAL_Driver/Src/stm32l4xx_hal_pwr_ex.c.obj
LOAD CMakeFiles/devcontainer-stm32-cubemx-clean.dir/Drivers/STM32L4xx_HAL_Driver/Src/stm32l4xx_hal_cortex.c.obj
LOAD CMakeFiles/devcontainer-stm32-cubemx-clean.dir/Drivers/STM32L4xx_HAL_Driver/Src/stm32l4xx_hal_exti.c.obj
LOAD CMakeFiles/devcontainer-stm32-cubemx-clean.dir/Drivers/STM32L4xx_HAL_Driver/Src/stm32l4xx_hal_tim.c.obj
LOAD CMakeFiles/devcontainer-stm32-cubemx-clean.dir/Drivers/STM32L4xx_HAL_Driver/Src/stm32l4xx_hal_tim_ex.c.obj
LOAD CMakeFiles/devcontainer-stm32-cubemx-clean.dir/Drivers/STM32L4xx_HAL_Driver/Src/stm32l4xx_hal_uart.c.obj
LOAD CMakeFiles/devcontainer-stm32-cubemx-clean.dir/Drivers/STM32L4xx_HAL_Driver/Src/stm32l4xx_hal_uart_ex.c.obj
LOAD CMakeFiles/devcontainer-stm32-cubemx-clean.dir/startup_stm32l476xx.s.obj
LOAD /home/franek/st/stm32cubeclt_1.17.0_2/GNU-tools-for-STM32/bin/../lib/gcc/arm-none-eabi/12.3.1/../../../../arm-none-eabi/lib/thumb/v7e-m+fp/hard/libstdc++_nano.a
LOAD /home/franek/st/stm32cubeclt_1.17.0_2/GNU-tools-for-STM32/bin/../lib/gcc/arm-none-eabi/12.3.1/../../../../arm-none-eabi/lib/thumb/v7e-m+fp/hard/libm.a
LOAD /home/franek/st/stm32cubeclt_1.17.0_2/GNU-tools-for-STM32/bin/../lib/gcc/arm-none-eabi/12.3.1/../../../../arm-none-eabi/lib/thumb/v7e-m+fp/hard/libc_nano.a
START GROUP
LOAD /home/franek/st/stm32cubeclt_1.17.0_2/GNU-tools-for-STM32/bin/../lib/gcc/arm-none-eabi/12.3.1/thumb/v7e-m+fp/hard/libgcc.a
LOAD /home/franek/st/stm32cubeclt_1.17.0_2/GNU-tools-for-STM32/bin/../lib/gcc/arm-none-eabi/12.3.1/../../../../arm-none-eabi/lib/thumb/v7e-m+fp/hard/libg_nano.a
LOAD /home/franek/st/stm32cubeclt_1.17.0_2/GNU-tools-for-STM32/bin/../lib/gcc/arm-none-eabi/12.3.1/../../../../arm-none-eabi/lib/thumb/v7e-m+fp/hard/libc_nano.a
END GROUP
START GROUP
LOAD /home/franek/st/stm32cubeclt_1.17.0_2/GNU-tools-for-STM32/bin/../lib/gcc/arm-none-eabi/12.3.1/thumb/v7e-m+fp/hard/libgcc.a
LOAD /home/franek/st/stm32cubeclt_1.17.0_2/GNU-tools-for-STM32/bin/../lib/gcc/arm-none-eabi/12.3.1/../../../../arm-none-eabi/lib/thumb/v7e-m+fp/hard/libc_nano.a
END GROUP
LOAD /home/franek/st/stm32cubeclt_1.17.0_2/GNU-tools-for-STM32/bin/../lib/gcc/arm-none-eabi/12.3.1/thumb/v7e-m+fp/hard/crtend.o
LOAD /home/franek/st/stm32cubeclt_1.17.0_2/GNU-tools-for-STM32/bin/../lib/gcc/arm-none-eabi/12.3.1/thumb/v7e-m+fp/hard/crtn.o
                0x20018000                        _estack = (ORIGIN (RAM) + LENGTH (RAM))
                0x00000200                        _Min_Heap_Size = 0x200
                0x00000400                        _Min_Stack_Size = 0x400

.isr_vector     0x08000000      0x188
                0x08000000                        . = ALIGN (0x8)
 *(.isr_vector)
 .isr_vector    0x08000000      0x188 CMakeFiles/devcontainer-stm32-cubemx-clean.dir/startup_stm32l476xx.s.obj
                0x08000000                g_pfnVectors
                0x08000188                        . = ALIGN (0x8)

.text           0x08000190     0x4638
                0x08000190                        . = ALIGN (0x8)
 *(.text)
 .text          0x08000190       0x40 /home/franek/st/stm32cubeclt_1.17.0_2/GNU-tools-for-STM32/bin/../lib/gcc/arm-none-eabi/12.3.1/thumb/v7e-m+fp/hard/crtbegin.o
 .text          0x080001d0       0xa0 /home/franek/st/stm32cubeclt_1.17.0_2/GNU-tools-for-STM32/bin/../lib/gcc/arm-none-eabi/12.3.1/../../../../arm-none-eabi/lib/thumb/v7e-m+fp/hard/libc_nano.a(libc_a-memchr.o)
                0x080001d0                memchr
 .text          0x08000270       0x10 /home/franek/st/stm32cubeclt_1.17.0_2/GNU-tools-for-STM32/bin/../lib/gcc/arm-none-eabi/12.3.1/../../../../arm-none-eabi/lib/thumb/v7e-m+fp/hard/libc_nano.a(libc_a-strlen.o)
                0x08000270                strlen
 .text          0x08000280      0x378 /home/franek/st/stm32cubeclt_1.17.0_2/GNU-tools-for-STM32/bin/../lib/gcc/arm-none-eabi/12.3.1/thumb/v7e-m+fp/hard/libgcc.a(_arm_addsubdf3.o)
                0x08000280                __aeabi_drsub
                0x08000288                __aeabi_dsub
                0x08000288                __subdf3
                0x0800028c                __adddf3
                0x0800028c                __aeabi_dadd
                0x08000504                __aeabi_ui2d
                0x08000504                __floatunsidf
                0x08000524                __floatsidf
                0x08000524                __aeabi_i2d
                0x08000548                __extendsfdf2
                0x08000548                __aeabi_f2d
                0x0800058c                __aeabi_ul2d
                0x0800058c                __floatundidf
                0x0800059c                __floatdidf
                0x0800059c                __aeabi_l2d
 .text          0x080005f8      0x424 /home/franek/st/stm32cubeclt_1.17.0_2/GNU-tools-for-STM32/bin/../lib/gcc/arm-none-eabi/12.3.1/thumb/v7e-m+fp/hard/libgcc.a(_arm_muldivdf3.o)
                0x080005f8                __aeabi_dmul
                0x080005f8                __muldf3
                0x0800084c                __aeabi_ddiv
                0x0800084c                __divdf3
 .text          0x08000a1c      0x110 /home/franek/st/stm32cubeclt_1.17.0_2/GNU-tools-for-STM32/bin/../lib/gcc/arm-none-eabi/12.3.1/thumb/v7e-m+fp/hard/libgcc.a(_arm_cmpdf2.o)
                0x08000a1c                __gtdf2
                0x08000a1c                __gedf2
                0x08000a24                __ltdf2
                0x08000a24                __ledf2
                0x08000a2c                __cmpdf2
                0x08000a2c                __eqdf2
                0x08000a2c                __nedf2
                0x08000aa8                __aeabi_cdrcmple
                0x08000ab8                __aeabi_cdcmple
                0x08000ab8                __aeabi_cdcmpeq
                0x08000ac8                __aeabi_dcmpeq
                0x08000adc                __aeabi_dcmplt
                0x08000af0                __aeabi_dcmple
                0x08000b04                __aeabi_dcmpge
                0x08000b18                __aeabi_dcmpgt
 .text          0x08000b2c       0x2c /home/franek/st/stm32cubeclt_1.17.0_2/GNU-tools-for-STM32/bin/../lib/gcc/arm-none-eabi/12.3.1/thumb/v7e-m+fp/hard/libgcc.a(_arm_unorddf2.o)
                0x08000b2c                __aeabi_dcmpun
                0x08000b2c                __unorddf2
 .text          0x08000b58       0x50 /home/franek/st/stm32cubeclt_1.17.0_2/GNU-tools-for-STM32/bin/../lib/gcc/arm-none-eabi/12.3.1/thumb/v7e-m+fp/hard/libgcc.a(_arm_fixdfsi.o)
                0x08000b58                __fixdfsi
                0x08000b58                __aeabi_d2iz
 *(.text*)
 .text.SystemClock_Config
                0x08000ba8       0xa2 CMakeFiles/devcontainer-stm32-cubemx-clean.dir/Core/Src/system_clock.c.obj
                0x08000ba8                SystemClock_Config
 *fill*         0x08000c4a        0x2 
 .text.Error_Handler
                0x08000c4c       0x14 CMakeFiles/devcontainer-stm32-cubemx-clean.dir/Core/Src/system_clock.c.obj
                0x08000c4c                Error_Handler
 .text.NMI_Handler
                0x08000c60        0x8 CMakeFiles/devcontainer-stm32-cubemx-clean.dir/Core/Src/stm32l4xx_it.c.obj
                0x08000c60                NMI_Handler
 .text.HardFault_Handler
                0x08000c68        0x8 CMakeFiles/devcontainer-stm32-cubemx-clean.dir/Core/Src/stm32l4xx_it.c.obj
                0x08000c68                HardFault_Handler
 .text.MemManage_Handler
                0x08000c70        0x8 CMakeFiles/devcontainer-stm32-cubemx-clean.dir/Core/Src/stm32l4xx_it.c.obj
                0x08000c70                MemManage_Handler
 .text.BusFault_Handler
                0x08000c78        0x8 CMakeFiles/devcontainer-stm32-cubemx-clean.dir/Core/Src/stm32l4xx_it.c.obj
                0x08000c78                BusFault_Handler
 .text.UsageFault_Handler
                0x08000c80        0x8 CMakeFiles/devcontainer-stm32-cubemx-clean.dir/Core/Src/stm32l4xx_it.c.obj
                0x08000c80                UsageFault_Handler
 .text.SVC_Handler
                0x08000c88        0xe CMakeFiles/devcontainer-stm32-cubemx-clean.dir/Core/Src/stm32l4xx_it.c.obj
                0x08000c88                SVC_Handler
 .text.DebugMon_Handler
                0x08000c96        0xe CMakeFiles/devcontainer-stm32-cubemx-clean.dir/Core/Src/stm32l4xx_it.c.obj
                0x08000c96                DebugMon_Handler
 .text.PendSV_Handler
                0x08000ca4        0xe CMakeFiles/devcontainer-stm32-cubemx-clean.dir/Core/Src/stm32l4xx_it.c.obj
                0x08000ca4                PendSV_Handler
 .text.SysTick_Handler
                0x08000cb2        0xc CMakeFiles/devcontainer-stm32-cubemx-clean.dir/Core/Src/stm32l4xx_it.c.obj
                0x08000cb2                SysTick_Handler
 .text.EXTI9_5_IRQHandler
                0x08000cbe        0xe CMakeFiles/devcontainer-stm32-cubemx-clean.dir/Core/Src/stm32l4xx_it.c.obj
                0x08000cbe                EXTI9_5_IRQHandler
 .text.HAL_MspInit
                0x08000ccc       0x48 CMakeFiles/devcontainer-stm32-cubemx-clean.dir/Core/Src/stm32l4xx_hal_msp.c.obj
                0x08000ccc                HAL_MspInit
 .text.SystemInit
                0x08000d14       0x24 CMakeFiles/devcontainer-stm32-cubemx-clean.dir/Core/Src/system_stm32l4xx.c.obj
                0x08000d14                SystemInit
 .text._sbrk    0x08000d38       0x6c CMakeFiles/devcontainer-stm32-cubemx-clean.dir/Core/Src/sysmem.c.obj
                0x08000d38                _sbrk
 .text._getpid  0x08000da4       0x10 CMakeFiles/devcontainer-stm32-cubemx-clean.dir/Core/Src/syscalls.c.obj
                0x08000da4                _getpid
 .text._kill    0x08000db4       0x20 CMakeFiles/devcontainer-stm32-cubemx-clean.dir/Core/Src/syscalls.c.obj
                0x08000db4                _kill
 .text._exit    0x08000dd4       0x16 CMakeFiles/devcontainer-stm32-cubemx-clean.dir/Core/Src/syscalls.c.obj
                0x08000dd4                _exit
 .text._read    0x08000dea       0x3a CMakeFiles/devcontainer-stm32-cubemx-clean.dir/Core/Src/syscalls.c.obj
                0x08000dea                _read
 .text._write   0x08000e24       0x38 CMakeFiles/devcontainer-stm32-cubemx-clean.dir/Core/Src/syscalls.c.obj
                0x08000e24                _write
 .text._close   0x08000e5c       0x18 CMakeFiles/devcontainer-stm32-cubemx-clean.dir/Core/Src/syscalls.c.obj
                0x08000e5c                _close
 .text._fstat   0x08000e74       0x20 CMakeFiles/devcontainer-stm32-cubemx-clean.dir/Core/Src/syscalls.c.obj
                0x08000e74                _fstat
 .text._isatty  0x08000e94       0x16 CMakeFiles/devcontainer-stm32-cubemx-clean.dir/Core/Src/syscalls.c.obj
                0x08000e94                _isatty
 .text._lseek   0x08000eaa       0x1a CMakeFiles/devcontainer-stm32-cubemx-clean.dir/Core/Src/syscalls.c.obj
                0x08000eaa                _lseek
 .text.main     0x08000ec4       0x10 CMakeFiles/devcontainer-stm32-cubemx-clean.dir/Core/Src/main.cpp.obj
                0x08000ec4                main
 .text.HAL_Init
                0x08000ed4       0x40 CMakeFiles/devcontainer-stm32-cubemx-clean.dir/Drivers/STM32L4xx_HAL_Driver/Src/stm32l4xx_hal.c.obj
                0x08000ed4                HAL_Init
 .text.HAL_InitTick
                0x08000f14       0x78 CMakeFiles/devcontainer-stm32-cubemx-clean.dir/Drivers/STM32L4xx_HAL_Driver/Src/stm32l4xx_hal.c.obj
                0x08000f14                HAL_InitTick
 .text.HAL_IncTick
                0x08000f8c       0x28 CMakeFiles/devcontainer-stm32-cubemx-clean.dir/Drivers/STM32L4xx_HAL_Driver/Src/stm32l4xx_hal.c.obj
                0x08000f8c                HAL_IncTick
 .text.HAL_GetTick
                0x08000fb4       0x18 CMakeFiles/devcontainer-stm32-cubemx-clean.dir/Drivers/STM32L4xx_HAL_Driver/Src/stm32l4xx_hal.c.obj
                0x08000fb4                HAL_GetTick
 .text.HAL_RCC_OscConfig
                0x08000fcc      0x7b8 CMakeFiles/devcontainer-stm32-cubemx-clean.dir/Drivers/STM32L4xx_HAL_Driver/Src/stm32l4xx_hal_rcc.c.obj
                0x08000fcc                HAL_RCC_OscConfig
 .text.HAL_RCC_ClockConfig
                0x08001784      0x200 CMakeFiles/devcontainer-stm32-cubemx-clean.dir/Drivers/STM32L4xx_HAL_Driver/Src/stm32l4xx_hal_rcc.c.obj
                0x08001784                HAL_RCC_ClockConfig
 .text.HAL_RCC_GetSysClockFreq
                0x08001984      0x118 CMakeFiles/devcontainer-stm32-cubemx-clean.dir/Drivers/STM32L4xx_HAL_Driver/Src/stm32l4xx_hal_rcc.c.obj
                0x08001984                HAL_RCC_GetSysClockFreq
 .text.RCC_SetFlashLatencyFromMSIRange
                0x08001a9c       0xc0 CMakeFiles/devcontainer-stm32-cubemx-clean.dir/Drivers/STM32L4xx_HAL_Driver/Src/stm32l4xx_hal_rcc.c.obj
 .text.HAL_GPIO_EXTI_IRQHandler
                0x08001b5c       0x30 CMakeFiles/devcontainer-stm32-cubemx-clean.dir/Drivers/STM32L4xx_HAL_Driver/Src/stm32l4xx_hal_gpio.c.obj
                0x08001b5c                HAL_GPIO_EXTI_IRQHandler
 .text.HAL_GPIO_EXTI_Callback
                0x08001b8c       0x16 CMakeFiles/devcontainer-stm32-cubemx-clean.dir/Drivers/STM32L4xx_HAL_Driver/Src/stm32l4xx_hal_gpio.c.obj
                0x08001b8c                HAL_GPIO_EXTI_Callback
 *fill*         0x08001ba2        0x2 
 .text.HAL_PWREx_GetVoltageRange
                0x08001ba4       0x1c CMakeFiles/devcontainer-stm32-cubemx-clean.dir/Drivers/STM32L4xx_HAL_Driver/Src/stm32l4xx_hal_pwr_ex.c.obj
                0x08001ba4                HAL_PWREx_GetVoltageRange
 .text.HAL_PWREx_ControlVoltageScaling
                0x08001bc0       0xac CMakeFiles/devcontainer-stm32-cubemx-clean.dir/Drivers/STM32L4xx_HAL_Driver/Src/stm32l4xx_hal_pwr_ex.c.obj
                0x08001bc0                HAL_PWREx_ControlVoltageScaling
 .text.__NVIC_SetPriorityGrouping
                0x08001c6c       0x48 CMakeFiles/devcontainer-stm32-cubemx-clean.dir/Drivers/STM32L4xx_HAL_Driver/Src/stm32l4xx_hal_cortex.c.obj
 .text.__NVIC_GetPriorityGrouping
                0x08001cb4       0x1c CMakeFiles/devcontainer-stm32-cubemx-clean.dir/Drivers/STM32L4xx_HAL_Driver/Src/stm32l4xx_hal_cortex.c.obj
 .text.__NVIC_SetPriority
                0x08001cd0       0x54 CMakeFiles/devcontainer-stm32-cubemx-clean.dir/Drivers/STM32L4xx_HAL_Driver/Src/stm32l4xx_hal_cortex.c.obj
 .text.NVIC_EncodePriority
                0x08001d24       0x66 CMakeFiles/devcontainer-stm32-cubemx-clean.dir/Drivers/STM32L4xx_HAL_Driver/Src/stm32l4xx_hal_cortex.c.obj
 *fill*         0x08001d8a        0x2 
 .text.SysTick_Config
                0x08001d8c       0x44 CMakeFiles/devcontainer-stm32-cubemx-clean.dir/Drivers/STM32L4xx_HAL_Driver/Src/stm32l4xx_hal_cortex.c.obj
 .text.HAL_NVIC_SetPriorityGrouping
                0x08001dd0       0x16 CMakeFiles/devcontainer-stm32-cubemx-clean.dir/Drivers/STM32L4xx_HAL_Driver/Src/stm32l4xx_hal_cortex.c.obj
                0x08001dd0                HAL_NVIC_SetPriorityGrouping
 .text.HAL_NVIC_SetPriority
                0x08001de6       0x38 CMakeFiles/devcontainer-stm32-cubemx-clean.dir/Drivers/STM32L4xx_HAL_Driver/Src/stm32l4xx_hal_cortex.c.obj
                0x08001de6                HAL_NVIC_SetPriority
 .text.HAL_SYSTICK_Config
                0x08001e1e       0x18 CMakeFiles/devcontainer-stm32-cubemx-clean.dir/Drivers/STM32L4xx_HAL_Driver/Src/stm32l4xx_hal_cortex.c.obj
                0x08001e1e                HAL_SYSTICK_Config
 *fill*         0x08001e36        0x2 
 .text.Reset_Handler
                0x08001e38       0x50 CMakeFiles/devcontainer-stm32-cubemx-clean.dir/startup_stm32l476xx.s.obj
                0x08001e38                Reset_Handler
 .text.Default_Handler
                0x08001e88        0x2 CMakeFiles/devcontainer-stm32-cubemx-clean.dir/startup_stm32l476xx.s.obj
                0x08001e88                RTC_Alarm_IRQHandler
                0x08001e88                EXTI2_IRQHandler
                0x08001e88                TIM8_TRG_COM_IRQHandler
                0x08001e88                TIM8_CC_IRQHandler
                0x08001e88                TIM1_CC_IRQHandler
                0x08001e88                TSC_IRQHandler
                0x08001e88                TAMP_STAMP_IRQHandler
                0x08001e88                EXTI3_IRQHandler
                0x08001e88                LPTIM2_IRQHandler
                0x08001e88                DFSDM1_FLT1_IRQHandler
                0x08001e88                I2C3_ER_IRQHandler
                0x08001e88                DFSDM1_FLT2_IRQHandler
                0x08001e88                EXTI0_IRQHandler
                0x08001e88                I2C2_EV_IRQHandler
                0x08001e88                CAN1_RX0_IRQHandler
                0x08001e88                FPU_IRQHandler
                0x08001e88                TIM1_UP_TIM16_IRQHandler
                0x08001e88                ADC1_2_IRQHandler
                0x08001e88                SPI1_IRQHandler
                0x08001e88                TIM6_DAC_IRQHandler
                0x08001e88                TIM8_UP_IRQHandler
                0x08001e88                DMA2_Channel2_IRQHandler
                0x08001e88                DMA1_Channel4_IRQHandler
                0x08001e88                SAI2_IRQHandler
                0x08001e88                DFSDM1_FLT3_IRQHandler
                0x08001e88                USART3_IRQHandler
                0x08001e88                DMA1_Channel7_IRQHandler
                0x08001e88                CAN1_RX1_IRQHandler
                0x08001e88                LCD_IRQHandler
                0x08001e88                UART5_IRQHandler
                0x08001e88                ADC3_IRQHandler
                0x08001e88                TIM4_IRQHandler
                0x08001e88                DMA2_Channel1_IRQHandler
                0x08001e88                QUADSPI_IRQHandler
                0x08001e88                I2C1_EV_IRQHandler
                0x08001e88                DMA1_Channel6_IRQHandler
                0x08001e88                UART4_IRQHandler
                0x08001e88                DMA2_Channel4_IRQHandler
                0x08001e88                TIM3_IRQHandler
                0x08001e88                RCC_IRQHandler
                0x08001e88                DMA1_Channel1_IRQHandler
                0x08001e88                Default_Handler
                0x08001e88                DMA2_Channel7_IRQHandler
                0x08001e88                EXTI15_10_IRQHandler
                0x08001e88                TIM7_IRQHandler
                0x08001e88                SDMMC1_IRQHandler
                0x08001e88                TIM5_IRQHandler
                0x08001e88                I2C3_EV_IRQHandler
                0x08001e88                RTC_WKUP_IRQHandler
                0x08001e88                PVD_PVM_IRQHandler
                0x08001e88                SPI2_IRQHandler
                0x08001e88                CAN1_TX_IRQHandler
                0x08001e88                DMA2_Channel5_IRQHandler
                0x08001e88                DMA1_Channel5_IRQHandler
                0x08001e88                EXTI4_IRQHandler
                0x08001e88                RNG_IRQHandler
                0x08001e88                TIM1_TRG_COM_TIM17_IRQHandler
                0x08001e88                DMA1_Channel3_IRQHandler
                0x08001e88                COMP_IRQHandler
                0x08001e88                WWDG_IRQHandler
                0x08001e88                LPUART1_IRQHandler
                0x08001e88                DMA2_Channel6_IRQHandler
                0x08001e88                TIM2_IRQHandler
                0x08001e88                EXTI1_IRQHandler
                0x08001e88                USART2_IRQHandler
                0x08001e88                DFSDM1_FLT0_IRQHandler
                0x08001e88                I2C2_ER_IRQHandler
                0x08001e88                DMA1_Channel2_IRQHandler
                0x08001e88                TIM8_BRK_IRQHandler
                0x08001e88                CAN1_SCE_IRQHandler
                0x08001e88                FLASH_IRQHandler
                0x08001e88                USART1_IRQHandler
                0x08001e88                OTG_FS_IRQHandler
                0x08001e88                SPI3_IRQHandler
                0x08001e88                I2C1_ER_IRQHandler
                0x08001e88                FMC_IRQHandler
                0x08001e88                SWPMI1_IRQHandler
                0x08001e88                LPTIM1_IRQHandler
                0x08001e88                SAI1_IRQHandler
                0x08001e88                DMA2_Channel3_IRQHandler
                0x08001e88                TIM1_BRK_TIM15_IRQHandler
 .text.__cvt    0x08001e8a       0xca /home/franek/st/stm32cubeclt_1.17.0_2/GNU-tools-for-STM32/bin/../lib/gcc/arm-none-eabi/12.3.1/../../../../arm-none-eabi/lib/thumb/v7e-m+fp/hard/libc_nano.a(libc_a-nano-vfprintf_float.o)
                0x08001e8a                __cvt
 .text.__exponent
                0x08001f54       0x74 /home/franek/st/stm32cubeclt_1.17.0_2/GNU-tools-for-STM32/bin/../lib/gcc/arm-none-eabi/12.3.1/../../../../arm-none-eabi/lib/thumb/v7e-m+fp/hard/libc_nano.a(libc_a-nano-vfprintf_float.o)
                0x08001f54                __exponent
 .text._printf_float
                0x08001fc8      0x454 /home/franek/st/stm32cubeclt_1.17.0_2/GNU-tools-for-STM32/bin/../lib/gcc/arm-none-eabi/12.3.1/../../../../arm-none-eabi/lib/thumb/v7e-m+fp/hard/libc_nano.a(libc_a-nano-vfprintf_float.o)
                0x08001fc8                _printf_float
 .text._printf_common
                0x0800241c       0xda /home/franek/st/stm32cubeclt_1.17.0_2/GNU-tools-for-STM32/bin/../lib/gcc/arm-none-eabi/12.3.1/../../../../arm-none-eabi/lib/thumb/v7e-m+fp/hard/libc_nano.a(libc_a-nano-vfprintf_i.o)
                0x0800241c                _printf_common
 *fill*         0x080024f6        0x2 
 .text._printf_i
                0x080024f8      0x240 /home/franek/st/stm32cubeclt_1.17.0_2/GNU-tools-for-STM32/bin/../lib/gcc/arm-none-eabi/12.3.1/../../../../arm-none-eabi/lib/thumb/v7e-m+fp/hard/libc_nano.a(libc_a-nano-vfprintf_i.o)
                0x080024f8                _printf_i
 .text.std      0x08002738       0x6c /home/franek/st/stm32cubeclt_1.17.0_2/GNU-tools-for-STM32/bin/../lib/gcc/arm-none-eabi/12.3.1/../../../../arm-none-eabi/lib/thumb/v7e-m+fp/hard/libc_nano.a(libc_a-findfp.o)
 .text.stdio_exit_handler
                0x080027a4       0x18 /home/franek/st/stm32cubeclt_1.17.0_2/GNU-tools-for-STM32/bin/../lib/gcc/arm-none-eabi/12.3.1/../../../../arm-none-eabi/lib/thumb/v7e-m+fp/hard/libc_nano.a(libc_a-findfp.o)
 .text.cleanup_stdio
                0x080027bc       0x40 /home/franek/st/stm32cubeclt_1.17.0_2/GNU-tools-for-STM32/bin/../lib/gcc/arm-none-eabi/12.3.1/../../../../arm-none-eabi/lib/thumb/v7e-m+fp/hard/libc_nano.a(libc_a-findfp.o)
 .text.global_stdio_init.part.0
                0x080027fc       0x3c /home/franek/st/stm32cubeclt_1.17.0_2/GNU-tools-for-STM32/bin/../lib/gcc/arm-none-eabi/12.3.1/../../../../arm-none-eabi/lib/thumb/v7e-m+fp/hard/libc_nano.a(libc_a-findfp.o)
 .text.__sfp_lock_acquire
                0x08002838        0xc /home/franek/st/stm32cubeclt_1.17.0_2/GNU-tools-for-STM32/bin/../lib/gcc/arm-none-eabi/12.3.1/../../../../arm-none-eabi/lib/thumb/v7e-m+fp/hard/libc_nano.a(libc_a-findfp.o)
                0x08002838                __sfp_lock_acquire
 .text.__sfp_lock_release
                0x08002844        0xc /home/franek/st/stm32cubeclt_1.17.0_2/GNU-tools-for-STM32/bin/../lib/gcc/arm-none-eabi/12.3.1/../../../../arm-none-eabi/lib/thumb/v7e-m+fp/hard/libc_nano.a(libc_a-findfp.o)
                0x08002844                __sfp_lock_release
 .text.__sinit  0x08002850       0x30 /home/franek/st/stm32cubeclt_1.17.0_2/GNU-tools-for-STM32/bin/../lib/gcc/arm-none-eabi/12.3.1/../../../../arm-none-eabi/lib/thumb/v7e-m+fp/hard/libc_nano.a(libc_a-findfp.o)
                0x08002850                __sinit
 .text._fwalk_sglue
                0x08002880       0x3c /home/franek/st/stm32cubeclt_1.17.0_2/GNU-tools-for-STM32/bin/../lib/gcc/arm-none-eabi/12.3.1/../../../../arm-none-eabi/lib/thumb/v7e-m+fp/hard/libc_nano.a(libc_a-fwalk.o)
                0x08002880                _fwalk_sglue
 .text.printf   0x080028bc       0x24 /home/franek/st/stm32cubeclt_1.17.0_2/GNU-tools-for-STM32/bin/../lib/gcc/arm-none-eabi/12.3.1/../../../../arm-none-eabi/lib/thumb/v7e-m+fp/hard/libc_nano.a(libc_a-printf.o)
                0x080028bc                printf
                0x080028bc                iprintf
 .text.__sread  0x080028e0       0x22 /home/franek/st/stm32cubeclt_1.17.0_2/GNU-tools-for-STM32/bin/../lib/gcc/arm-none-eabi/12.3.1/../../../../arm-none-eabi/lib/thumb/v7e-m+fp/hard/libc_nano.a(libc_a-stdio.o)
                0x080028e0                __sread
 .text.__swrite
                0x08002902       0x38 /home/franek/st/stm32cubeclt_1.17.0_2/GNU-tools-for-STM32/bin/../lib/gcc/arm-none-eabi/12.3.1/../../../../arm-none-eabi/lib/thumb/v7e-m+fp/hard/libc_nano.a(libc_a-stdio.o)
                0x08002902                __swrite
 .text.__sseek  0x0800293a       0x24 /home/franek/st/stm32cubeclt_1.17.0_2/GNU-tools-for-STM32/bin/../lib/gcc/arm-none-eabi/12.3.1/../../../../arm-none-eabi/lib/thumb/v7e-m+fp/hard/libc_nano.a(libc_a-stdio.o)
                0x0800293a                __sseek
 .text.__sclose
                0x0800295e        0x8 /home/franek/st/stm32cubeclt_1.17.0_2/GNU-tools-for-STM32/bin/../lib/gcc/arm-none-eabi/12.3.1/../../../../arm-none-eabi/lib/thumb/v7e-m+fp/hard/libc_nano.a(libc_a-stdio.o)
                0x0800295e                __sclose
 .text.memset   0x08002966       0x10 /home/franek/st/stm32cubeclt_1.17.0_2/GNU-tools-for-STM32/bin/../lib/gcc/arm-none-eabi/12.3.1/../../../../arm-none-eabi/lib/thumb/v7e-m+fp/hard/libc_nano.a(libc_a-memset.o)
                0x08002966                memset
 *fill*         0x08002976        0x2 
 .text._localeconv_r
                0x08002978        0x8 /home/franek/st/stm32cubeclt_1.17.0_2/GNU-tools-for-STM32/bin/../lib/gcc/arm-none-eabi/12.3.1/../../../../arm-none-eabi/lib/thumb/v7e-m+fp/hard/libc_nano.a(libc_a-localeconv.o)
                0x08002978                _localeconv_r
 .text._close_r
                0x08002980       0x20 /home/franek/st/stm32cubeclt_1.17.0_2/GNU-tools-for-STM32/bin/../lib/gcc/arm-none-eabi/12.3.1/../../../../arm-none-eabi/lib/thumb/v7e-m+fp/hard/libc_nano.a(libc_a-closer.o)
                0x08002980                _close_r
 .text._lseek_r
                0x080029a0       0x24 /home/franek/st/stm32cubeclt_1.17.0_2/GNU-tools-for-STM32/bin/../lib/gcc/arm-none-eabi/12.3.1/../../../../arm-none-eabi/lib/thumb/v7e-m+fp/hard/libc_nano.a(libc_a-lseekr.o)
                0x080029a0                _lseek_r
 .text._read_r  0x080029c4       0x24 /home/franek/st/stm32cubeclt_1.17.0_2/GNU-tools-for-STM32/bin/../lib/gcc/arm-none-eabi/12.3.1/../../../../arm-none-eabi/lib/thumb/v7e-m+fp/hard/libc_nano.a(libc_a-readr.o)
                0x080029c4                _read_r
 .text._write_r
                0x080029e8       0x24 /home/franek/st/stm32cubeclt_1.17.0_2/GNU-tools-for-STM32/bin/../lib/gcc/arm-none-eabi/12.3.1/../../../../arm-none-eabi/lib/thumb/v7e-m+fp/hard/libc_nano.a(libc_a-writer.o)
                0x080029e8                _write_r
 .text.__errno  0x08002a0c        0xc /home/franek/st/stm32cubeclt_1.17.0_2/GNU-tools-for-STM32/bin/../lib/gcc/arm-none-eabi/12.3.1/../../../../arm-none-eabi/lib/thumb/v7e-m+fp/hard/libc_nano.a(libc_a-errno.o)
                0x08002a0c                __errno
 .text.__libc_init_array
                0x08002a18       0x48 /home/franek/st/stm32cubeclt_1.17.0_2/GNU-tools-for-STM32/bin/../lib/gcc/arm-none-eabi/12.3.1/../../../../arm-none-eabi/lib/thumb/v7e-m+fp/hard/libc_nano.a(libc_a-init.o)
                0x08002a18                __libc_init_array
 .text.__retarget_lock_init_recursive
                0x08002a60        0x2 /home/franek/st/stm32cubeclt_1.17.0_2/GNU-tools-for-STM32/bin/../lib/gcc/arm-none-eabi/12.3.1/../../../../arm-none-eabi/lib/thumb/v7e-m+fp/hard/libc_nano.a(libc_a-lock.o)
                0x08002a60                __retarget_lock_init_recursive
 .text.__retarget_lock_acquire_recursive
                0x08002a62        0x2 /home/franek/st/stm32cubeclt_1.17.0_2/GNU-tools-for-STM32/bin/../lib/gcc/arm-none-eabi/12.3.1/../../../../arm-none-eabi/lib/thumb/v7e-m+fp/hard/libc_nano.a(libc_a-lock.o)
                0x08002a62                __retarget_lock_acquire_recursive
 .text.__retarget_lock_release_recursive
                0x08002a64        0x2 /home/franek/st/stm32cubeclt_1.17.0_2/GNU-tools-for-STM32/bin/../lib/gcc/arm-none-eabi/12.3.1/../../../../arm-none-eabi/lib/thumb/v7e-m+fp/hard/libc_nano.a(libc_a-lock.o)
                0x08002a64                __retarget_lock_release_recursive
 .text.quorem   0x08002a66      0x110 /home/franek/st/stm32cubeclt_1.17.0_2/GNU-tools-for-STM32/bin/../lib/gcc/arm-none-eabi/12.3.1/../../../../arm-none-eabi/lib/thumb/v7e-m+fp/hard/libc_nano.a(libc_a-dtoa.o)
 *fill*         0x08002b76        0x2 
 .text._dtoa_r  0x08002b78      0xb88 /home/franek/st/stm32cubeclt_1.17.0_2/GNU-tools-for-STM32/bin/../lib/gcc/arm-none-eabi/12.3.1/../../../../arm-none-eabi/lib/thumb/v7e-m+fp/hard/libc_nano.a(libc_a-dtoa.o)
                0x08002b78                _dtoa_r
 .text._free_r  0x08003700       0x94 /home/franek/st/stm32cubeclt_1.17.0_2/GNU-tools-for-STM32/bin/../lib/gcc/arm-none-eabi/12.3.1/../../../../arm-none-eabi/lib/thumb/v7e-m+fp/hard/libc_nano.a(libc_a-freer.o)
                0x08003700                _free_r
 .text.malloc   0x08003794       0x10 /home/franek/st/stm32cubeclt_1.17.0_2/GNU-tools-for-STM32/bin/../lib/gcc/arm-none-eabi/12.3.1/../../../../arm-none-eabi/lib/thumb/v7e-m+fp/hard/libc_nano.a(libc_a-malloc.o)
                0x08003794                malloc
 .text.sbrk_aligned
                0x080037a4       0x44 /home/franek/st/stm32cubeclt_1.17.0_2/GNU-tools-for-STM32/bin/../lib/gcc/arm-none-eabi/12.3.1/../../../../arm-none-eabi/lib/thumb/v7e-m+fp/hard/libc_nano.a(libc_a-mallocr.o)
 .text._malloc_r
                0x080037e8      0x100 /home/franek/st/stm32cubeclt_1.17.0_2/GNU-tools-for-STM32/bin/../lib/gcc/arm-none-eabi/12.3.1/../../../../arm-none-eabi/lib/thumb/v7e-m+fp/hard/libc_nano.a(libc_a-mallocr.o)
                0x080037e8                _malloc_r
 .text.__malloc_lock
                0x080038e8        0xc /home/franek/st/stm32cubeclt_1.17.0_2/GNU-tools-for-STM32/bin/../lib/gcc/arm-none-eabi/12.3.1/../../../../arm-none-eabi/lib/thumb/v7e-m+fp/hard/libc_nano.a(libc_a-mlock.o)
                0x080038e8                __malloc_lock
 .text.__malloc_unlock
                0x080038f4        0xc /home/franek/st/stm32cubeclt_1.17.0_2/GNU-tools-for-STM32/bin/../lib/gcc/arm-none-eabi/12.3.1/../../../../arm-none-eabi/lib/thumb/v7e-m+fp/hard/libc_nano.a(libc_a-mlock.o)
                0x080038f4                __malloc_unlock
 .text._Balloc  0x08003900       0x80 /home/franek/st/stm32cubeclt_1.17.0_2/GNU-tools-for-STM32/bin/../lib/gcc/arm-none-eabi/12.3.1/../../../../arm-none-eabi/lib/thumb/v7e-m+fp/hard/libc_nano.a(libc_a-mprec.o)
                0x08003900                _Balloc
 .text._Bfree   0x08003980       0x44 /home/franek/st/stm32cubeclt_1.17.0_2/GNU-tools-for-STM32/bin/../lib/gcc/arm-none-eabi/12.3.1/../../../../arm-none-eabi/lib/thumb/v7e-m+fp/hard/libc_nano.a(libc_a-mprec.o)
                0x08003980                _Bfree
 .text.__multadd
                0x080039c4       0x8c /home/franek/st/stm32cubeclt_1.17.0_2/GNU-tools-for-STM32/bin/../lib/gcc/arm-none-eabi/12.3.1/../../../../arm-none-eabi/lib/thumb/v7e-m+fp/hard/libc_nano.a(libc_a-mprec.o)
                0x080039c4                __multadd
 .text.__hi0bits
                0x08003a50       0x3e /home/franek/st/stm32cubeclt_1.17.0_2/GNU-tools-for-STM32/bin/../lib/gcc/arm-none-eabi/12.3.1/../../../../arm-none-eabi/lib/thumb/v7e-m+fp/hard/libc_nano.a(libc_a-mprec.o)
                0x08003a50                __hi0bits
 .text.__lo0bits
                0x08003a8e       0x5a /home/franek/st/stm32cubeclt_1.17.0_2/GNU-tools-for-STM32/bin/../lib/gcc/arm-none-eabi/12.3.1/../../../../arm-none-eabi/lib/thumb/v7e-m+fp/hard/libc_nano.a(libc_a-mprec.o)
                0x08003a8e                __lo0bits
 .text.__i2b    0x08003ae8       0x2c /home/franek/st/stm32cubeclt_1.17.0_2/GNU-tools-for-STM32/bin/../lib/gcc/arm-none-eabi/12.3.1/../../../../arm-none-eabi/lib/thumb/v7e-m+fp/hard/libc_nano.a(libc_a-mprec.o)
                0x08003ae8                __i2b
 .text.__multiply
                0x08003b14      0x154 /home/franek/st/stm32cubeclt_1.17.0_2/GNU-tools-for-STM32/bin/../lib/gcc/arm-none-eabi/12.3.1/../../../../arm-none-eabi/lib/thumb/v7e-m+fp/hard/libc_nano.a(libc_a-mprec.o)
                0x08003b14                __multiply
 .text.__pow5mult
                0x08003c68       0xb4 /home/franek/st/stm32cubeclt_1.17.0_2/GNU-tools-for-STM32/bin/../lib/gcc/arm-none-eabi/12.3.1/../../../../arm-none-eabi/lib/thumb/v7e-m+fp/hard/libc_nano.a(libc_a-mprec.o)
                0x08003c68                __pow5mult
 .text.__lshift
                0x08003d1c       0xd8 /home/franek/st/stm32cubeclt_1.17.0_2/GNU-tools-for-STM32/bin/../lib/gcc/arm-none-eabi/12.3.1/../../../../arm-none-eabi/lib/thumb/v7e-m+fp/hard/libc_nano.a(libc_a-mprec.o)
                0x08003d1c                __lshift
 .text.__mcmp   0x08003df4       0x36 /home/franek/st/stm32cubeclt_1.17.0_2/GNU-tools-for-STM32/bin/../lib/gcc/arm-none-eabi/12.3.1/../../../../arm-none-eabi/lib/thumb/v7e-m+fp/hard/libc_nano.a(libc_a-mprec.o)
                0x08003df4                __mcmp
 *fill*         0x08003e2a        0x2 
 .text.__mdiff  0x08003e2c      0x128 /home/franek/st/stm32cubeclt_1.17.0_2/GNU-tools-for-STM32/bin/../lib/gcc/arm-none-eabi/12.3.1/../../../../arm-none-eabi/lib/thumb/v7e-m+fp/hard/libc_nano.a(libc_a-mprec.o)
                0x08003e2c                __mdiff
 .text.__d2b    0x08003f54       0xb0 /home/franek/st/stm32cubeclt_1.17.0_2/GNU-tools-for-STM32/bin/../lib/gcc/arm-none-eabi/12.3.1/../../../../arm-none-eabi/lib/thumb/v7e-m+fp/hard/libc_nano.a(libc_a-mprec.o)
                0x08003f54                __d2b
 .text.__sfputc_r
                0x08004004       0x2e /home/franek/st/stm32cubeclt_1.17.0_2/GNU-tools-for-STM32/bin/../lib/gcc/arm-none-eabi/12.3.1/../../../../arm-none-eabi/lib/thumb/v7e-m+fp/hard/libc_nano.a(libc_a-nano-vfprintf.o)
 .text.__sfputs_r
                0x08004032       0x24 /home/franek/st/stm32cubeclt_1.17.0_2/GNU-tools-for-STM32/bin/../lib/gcc/arm-none-eabi/12.3.1/../../../../arm-none-eabi/lib/thumb/v7e-m+fp/hard/libc_nano.a(libc_a-nano-vfprintf.o)
                0x08004032                __sfputs_r
 *fill*         0x08004056        0x2 
 .text._vfprintf_r
                0x08004058      0x230 /home/franek/st/stm32cubeclt_1.17.0_2/GNU-tools-for-STM32/bin/../lib/gcc/arm-none-eabi/12.3.1/../../../../arm-none-eabi/lib/thumb/v7e-m+fp/hard/libc_nano.a(libc_a-nano-vfprintf.o)
                0x08004058                _vfiprintf_r
                0x08004058                _vfprintf_r
 .text.__sflush_r
                0x08004288      0x108 /home/franek/st/stm32cubeclt_1.17.0_2/GNU-tools-for-STM32/bin/../lib/gcc/arm-none-eabi/12.3.1/../../../../arm-none-eabi/lib/thumb/v7e-m+fp/hard/libc_nano.a(libc_a-fflush.o)
                0x08004288                __sflush_r
 .text._fflush_r
                0x08004390       0x50 /home/franek/st/stm32cubeclt_1.17.0_2/GNU-tools-for-STM32/bin/../lib/gcc/arm-none-eabi/12.3.1/../../../../arm-none-eabi/lib/thumb/v7e-m+fp/hard/libc_nano.a(libc_a-fflush.o)
                0x08004390                _fflush_r
 .text.__swbuf_r
                0x080043e0       0x7c /home/franek/st/stm32cubeclt_1.17.0_2/GNU-tools-for-STM32/bin/../lib/gcc/arm-none-eabi/12.3.1/../../../../arm-none-eabi/lib/thumb/v7e-m+fp/hard/libc_nano.a(libc_a-wbuf.o)
                0x080043e0                __swbuf_r
 .text.__swsetup_r
                0x0800445c       0xac /home/franek/st/stm32cubeclt_1.17.0_2/GNU-tools-for-STM32/bin/../lib/gcc/arm-none-eabi/12.3.1/../../../../arm-none-eabi/lib/thumb/v7e-m+fp/hard/libc_nano.a(libc_a-wsetup.o)
                0x0800445c                __swsetup_r
 .text._sbrk_r  0x08004508       0x20 /home/franek/st/stm32cubeclt_1.17.0_2/GNU-tools-for-STM32/bin/../lib/gcc/arm-none-eabi/12.3.1/../../../../arm-none-eabi/lib/thumb/v7e-m+fp/hard/libc_nano.a(libc_a-sbrkr.o)
                0x08004508                _sbrk_r
 .text.memcpy   0x08004528       0x1c /home/franek/st/stm32cubeclt_1.17.0_2/GNU-tools-for-STM32/bin/../lib/gcc/arm-none-eabi/12.3.1/../../../../arm-none-eabi/lib/thumb/v7e-m+fp/hard/libc_nano.a(libc_a-memcpy-stub.o)
                0x08004528                memcpy
 .text.__assert_func
                0x08004544       0x3c /home/franek/st/stm32cubeclt_1.17.0_2/GNU-tools-for-STM32/bin/../lib/gcc/arm-none-eabi/12.3.1/../../../../arm-none-eabi/lib/thumb/v7e-m+fp/hard/libc_nano.a(libc_a-assert.o)
                0x08004544                __assert_func
 .text._calloc_r
                0x08004580       0x28 /home/franek/st/stm32cubeclt_1.17.0_2/GNU-tools-for-STM32/bin/../lib/gcc/arm-none-eabi/12.3.1/../../../../arm-none-eabi/lib/thumb/v7e-m+fp/hard/libc_nano.a(libc_a-callocr.o)
                0x08004580                _calloc_r
 .text.__ascii_mbtowc
                0x080045a8       0x24 /home/franek/st/stm32cubeclt_1.17.0_2/GNU-tools-for-STM32/bin/../lib/gcc/arm-none-eabi/12.3.1/../../../../arm-none-eabi/lib/thumb/v7e-m+fp/hard/libc_nano.a(libc_a-mbtowc_r.o)
                0x080045a8                __ascii_mbtowc
 .text.__ascii_wctomb
                0x080045cc       0x1a /home/franek/st/stm32cubeclt_1.17.0_2/GNU-tools-for-STM32/bin/../lib/gcc/arm-none-eabi/12.3.1/../../../../arm-none-eabi/lib/thumb/v7e-m+fp/hard/libc_nano.a(libc_a-wctomb_r.o)
                0x080045cc                __ascii_wctomb
 *fill*         0x080045e6        0x2 
 .text.fprintf  0x080045e8       0x24 /home/franek/st/stm32cubeclt_1.17.0_2/GNU-tools-for-STM32/bin/../lib/gcc/arm-none-eabi/12.3.1/../../../../arm-none-eabi/lib/thumb/v7e-m+fp/hard/libc_nano.a(libc_a-fprintf.o)
                0x080045e8                fprintf
                0x080045e8                fiprintf
 .text.__swhatbuf_r
                0x0800460c       0x4c /home/franek/st/stm32cubeclt_1.17.0_2/GNU-tools-for-STM32/bin/../lib/gcc/arm-none-eabi/12.3.1/../../../../arm-none-eabi/lib/thumb/v7e-m+fp/hard/libc_nano.a(libc_a-makebuf.o)
                0x0800460c                __swhatbuf_r
 .text.__smakebuf_r
                0x08004658       0x78 /home/franek/st/stm32cubeclt_1.17.0_2/GNU-tools-for-STM32/bin/../lib/gcc/arm-none-eabi/12.3.1/../../../../arm-none-eabi/lib/thumb/v7e-m+fp/hard/libc_nano.a(libc_a-makebuf.o)
                0x08004658                __smakebuf_r
 .text._fstat_r
                0x080046d0       0x24 /home/franek/st/stm32cubeclt_1.17.0_2/GNU-tools-for-STM32/bin/../lib/gcc/arm-none-eabi/12.3.1/../../../../arm-none-eabi/lib/thumb/v7e-m+fp/hard/libc_nano.a(libc_a-fstatr.o)
                0x080046d0                _fstat_r
 .text._isatty_r
                0x080046f4       0x20 /home/franek/st/stm32cubeclt_1.17.0_2/GNU-tools-for-STM32/bin/../lib/gcc/arm-none-eabi/12.3.1/../../../../arm-none-eabi/lib/thumb/v7e-m+fp/hard/libc_nano.a(libc_a-isattyr.o)
                0x080046f4                _isatty_r
 .text.abort    0x08004714        0xe /home/franek/st/stm32cubeclt_1.17.0_2/GNU-tools-for-STM32/bin/../lib/gcc/arm-none-eabi/12.3.1/../../../../arm-none-eabi/lib/thumb/v7e-m+fp/hard/libc_nano.a(libc_a-abort.o)
                0x08004714                abort
 .text._raise_r
                0x08004722       0x50 /home/franek/st/stm32cubeclt_1.17.0_2/GNU-tools-for-STM32/bin/../lib/gcc/arm-none-eabi/12.3.1/../../../../arm-none-eabi/lib/thumb/v7e-m+fp/hard/libc_nano.a(libc_a-signal.o)
                0x08004722                _raise_r
 *fill*         0x08004772        0x2 
 .text.raise    0x08004774       0x10 /home/franek/st/stm32cubeclt_1.17.0_2/GNU-tools-for-STM32/bin/../lib/gcc/arm-none-eabi/12.3.1/../../../../arm-none-eabi/lib/thumb/v7e-m+fp/hard/libc_nano.a(libc_a-signal.o)
                0x08004774                raise
 .text._kill_r  0x08004784       0x24 /home/franek/st/stm32cubeclt_1.17.0_2/GNU-tools-for-STM32/bin/../lib/gcc/arm-none-eabi/12.3.1/../../../../arm-none-eabi/lib/thumb/v7e-m+fp/hard/libc_nano.a(libc_a-signalr.o)
                0x08004784                _kill_r
 .text._getpid_r
                0x080047a8        0x4 /home/franek/st/stm32cubeclt_1.17.0_2/GNU-tools-for-STM32/bin/../lib/gcc/arm-none-eabi/12.3.1/../../../../arm-none-eabi/lib/thumb/v7e-m+fp/hard/libc_nano.a(libc_a-signalr.o)
                0x080047a8                _getpid_r
 *(.glue_7)
 .glue_7        0x080047ac        0x0 linker stubs
 *(.glue_7t)
 .glue_7t       0x080047ac        0x0 linker stubs
 *(.eh_frame)
 .eh_frame      0x080047ac        0x0 /home/franek/st/stm32cubeclt_1.17.0_2/GNU-tools-for-STM32/bin/../lib/gcc/arm-none-eabi/12.3.1/thumb/v7e-m+fp/hard/crtbegin.o
 *(.init)
 .init          0x080047ac        0x4 /home/franek/st/stm32cubeclt_1.17.0_2/GNU-tools-for-STM32/bin/../lib/gcc/arm-none-eabi/12.3.1/thumb/v7e-m+fp/hard/crti.o
                0x080047ac                _init
 .init          0x080047b0        0x8 /home/franek/st/stm32cubeclt_1.17.0_2/GNU-tools-for-STM32/bin/../lib/gcc/arm-none-eabi/12.3.1/thumb/v7e-m+fp/hard/crtn.o
 *(.fini)
 .fini          0x080047b8        0x4 /home/franek/st/stm32cubeclt_1.17.0_2/GNU-tools-for-STM32/bin/../lib/gcc/arm-none-eabi/12.3.1/thumb/v7e-m+fp/hard/crti.o
                0x080047b8                _fini
 .fini          0x080047bc        0x8 /home/franek/st/stm32cubeclt_1.17.0_2/GNU-tools-for-STM32/bin/../lib/gcc/arm-none-eabi/12.3.1/thumb/v7e-m+fp/hard/crtn.o
                0x080047c8                        . = ALIGN (0x8)
 *fill*         0x080047c4        0x4 
                0x080047c8                        _etext = .

.vfp11_veneer   0x080047c8        0x0
 .vfp11_veneer  0x080047c8        0x0 linker stubs

.v4_bx          0x080047c8        0x0
 .v4_bx         0x080047c8        0x0 linker stubs

.iplt           0x080047c8        0x0
 .iplt          0x080047c8        0x0 /home/franek/st/stm32cubeclt_1.17.0_2/GNU-tools-for-STM32/bin/../lib/gcc/arm-none-eabi/12.3.1/thumb/v7e-m+fp/hard/crtbegin.o

.rodata         0x080047c8      0x3c8
                0x080047c8                        . = ALIGN (0x8)
 *(.rodata)
 .rodata        0x080047c8       0x14 CMakeFiles/devcontainer-stm32-cubemx-clean.dir/Core/Src/system_clock.c.obj
 *(.rodata*)
 .rodata.AHBPrescTable
                0x080047dc       0x10 CMakeFiles/devcontainer-stm32-cubemx-clean.dir/Core/Src/system_stm32l4xx.c.obj
                0x080047dc                AHBPrescTable
 .rodata.MSIRangeTable
                0x080047ec       0x30 CMakeFiles/devcontainer-stm32-cubemx-clean.dir/Core/Src/system_stm32l4xx.c.obj
                0x080047ec                MSIRangeTable
 .rodata._printf_float.str1.1
                0x0800481c       0x12 /home/franek/st/stm32cubeclt_1.17.0_2/GNU-tools-for-STM32/bin/../lib/gcc/arm-none-eabi/12.3.1/../../../../arm-none-eabi/lib/thumb/v7e-m+fp/hard/libc_nano.a(libc_a-nano-vfprintf_float.o)
 .rodata._printf_i.str1.1
                0x0800482e       0x22 /home/franek/st/stm32cubeclt_1.17.0_2/GNU-tools-for-STM32/bin/../lib/gcc/arm-none-eabi/12.3.1/../../../../arm-none-eabi/lib/thumb/v7e-m+fp/hard/libc_nano.a(libc_a-nano-vfprintf_i.o)
 .rodata._dtoa_r.str1.1
                0x08004850       0x8d /home/franek/st/stm32cubeclt_1.17.0_2/GNU-tools-for-STM32/bin/../lib/gcc/arm-none-eabi/12.3.1/../../../../arm-none-eabi/lib/thumb/v7e-m+fp/hard/libc_nano.a(libc_a-dtoa.o)
                                 0x8f (size before relaxing)
 .rodata._Balloc.str1.1
                0x080048dd       0x59 /home/franek/st/stm32cubeclt_1.17.0_2/GNU-tools-for-STM32/bin/../lib/gcc/arm-none-eabi/12.3.1/../../../../arm-none-eabi/lib/thumb/v7e-m+fp/hard/libc_nano.a(libc_a-mprec.o)
                                 0x70 (size before relaxing)
 .rodata.__multadd.str1.1
                0x08004936       0x11 /home/franek/st/stm32cubeclt_1.17.0_2/GNU-tools-for-STM32/bin/../lib/gcc/arm-none-eabi/12.3.1/../../../../arm-none-eabi/lib/thumb/v7e-m+fp/hard/libc_nano.a(libc_a-mprec.o)
 *fill*         0x08004936        0x2 
 .rodata.p05.0  0x08004938        0xc /home/franek/st/stm32cubeclt_1.17.0_2/GNU-tools-for-STM32/bin/../lib/gcc/arm-none-eabi/12.3.1/../../../../arm-none-eabi/lib/thumb/v7e-m+fp/hard/libc_nano.a(libc_a-mprec.o)
 *fill*         0x08004944        0x4 
 .rodata.__mprec_bigtens
                0x08004948       0x28 /home/franek/st/stm32cubeclt_1.17.0_2/GNU-tools-for-STM32/bin/../lib/gcc/arm-none-eabi/12.3.1/../../../../arm-none-eabi/lib/thumb/v7e-m+fp/hard/libc_nano.a(libc_a-mprec.o)
                0x08004948                __mprec_bigtens
 .rodata.__mprec_tens
                0x08004970       0xc8 /home/franek/st/stm32cubeclt_1.17.0_2/GNU-tools-for-STM32/bin/../lib/gcc/arm-none-eabi/12.3.1/../../../../arm-none-eabi/lib/thumb/v7e-m+fp/hard/libc_nano.a(libc_a-mprec.o)
                0x08004970                __mprec_tens
 .rodata._vfprintf_r.str1.1
                0x08004a38       0x11 /home/franek/st/stm32cubeclt_1.17.0_2/GNU-tools-for-STM32/bin/../lib/gcc/arm-none-eabi/12.3.1/../../../../arm-none-eabi/lib/thumb/v7e-m+fp/hard/libc_nano.a(libc_a-nano-vfprintf.o)
 .rodata._setlocale_r.str1.1
                0x08004a49        0x8 /home/franek/st/stm32cubeclt_1.17.0_2/GNU-tools-for-STM32/bin/../lib/gcc/arm-none-eabi/12.3.1/../../../../arm-none-eabi/lib/thumb/v7e-m+fp/hard/libc_nano.a(libc_a-locale.o)
                                  0x9 (size before relaxing)
 .rodata.str1.1
                0x08004a51        0x2 /home/franek/st/stm32cubeclt_1.17.0_2/GNU-tools-for-STM32/bin/../lib/gcc/arm-none-eabi/12.3.1/../../../../arm-none-eabi/lib/thumb/v7e-m+fp/hard/libc_nano.a(libc_a-locale.o)
 .rodata.__assert_func.str1.1
                0x08004a53       0x3c /home/franek/st/stm32cubeclt_1.17.0_2/GNU-tools-for-STM32/bin/../lib/gcc/arm-none-eabi/12.3.1/../../../../arm-none-eabi/lib/thumb/v7e-m+fp/hard/libc_nano.a(libc_a-assert.o)
                                 0x3d (size before relaxing)
 .rodata._ctype_
                0x08004a8f      0x101 /home/franek/st/stm32cubeclt_1.17.0_2/GNU-tools-for-STM32/bin/../lib/gcc/arm-none-eabi/12.3.1/../../../../arm-none-eabi/lib/thumb/v7e-m+fp/hard/libc_nano.a(libc_a-ctype_.o)
                0x08004a8f                _ctype_
                0x08004b90                        . = ALIGN (0x8)

.ARM.extab      0x08004b90        0x0
                0x08004b90                        . = ALIGN (0x8)
 *(.ARM.extab* .gnu.linkonce.armextab.*)
                0x08004b90                        . = ALIGN (0x8)

.ARM            0x08004b90        0x8
                0x08004b90                        . = ALIGN (0x8)
                0x08004b90                        __exidx_start = .
 *(.ARM.exidx*)
 .ARM.exidx     0x08004b90        0x8 /home/franek/st/stm32cubeclt_1.17.0_2/GNU-tools-for-STM32/bin/../lib/gcc/arm-none-eabi/12.3.1/../../../../arm-none-eabi/lib/thumb/v7e-m+fp/hard/libc_nano.a(libc_a-memchr.o)
 .ARM.exidx     0x08004b98        0x0 /home/franek/st/stm32cubeclt_1.17.0_2/GNU-tools-for-STM32/bin/../lib/gcc/arm-none-eabi/12.3.1/../../../../arm-none-eabi/lib/thumb/v7e-m+fp/hard/libc_nano.a(libc_a-strlen.o)
                                  0x8 (size before relaxing)
                0x08004b98                        __exidx_end = .
                0x08004b98                        . = ALIGN (0x8)

.rel.dyn        0x08004b98        0x0
 .rel.iplt      0x08004b98        0x0 /home/franek/st/stm32cubeclt_1.17.0_2/GNU-tools-for-STM32/bin/../lib/gcc/arm-none-eabi/12.3.1/thumb/v7e-m+fp/hard/crtbegin.o

.preinit_array  0x08004b98        0x0
                0x08004b98                        . = ALIGN (0x8)
                0x08004b98                        PROVIDE (__preinit_array_start = .)
 *(.preinit_array*)
                0x08004b98                        PROVIDE (__preinit_array_end = .)
                0x08004b98                        . = ALIGN (0x8)

.init_array     0x08004b98        0x8
                0x08004b98                        . = ALIGN (0x8)
                0x08004b98                        PROVIDE (__init_array_start = .)
 *(SORT_BY_NAME(.init_array.*))
 *(.init_array*)
 .init_array    0x08004b98        0x4 /home/franek/st/stm32cubeclt_1.17.0_2/GNU-tools-for-STM32/bin/../lib/gcc/arm-none-eabi/12.3.1/thumb/v7e-m+fp/hard/crtbegin.o
                0x08004b9c                        PROVIDE (__init_array_end = .)
                0x08004ba0                        . = ALIGN (0x8)
 *fill*         0x08004b9c        0x4 

.fini_array     0x08004ba0        0x8
                0x08004ba0                        . = ALIGN (0x8)
                [!provide]                        PROVIDE (__fini_array_start = .)
 *(SORT_BY_NAME(.fini_array.*))
 *(.fini_array*)
 .fini_array    0x08004ba0        0x4 /home/franek/st/stm32cubeclt_1.17.0_2/GNU-tools-for-STM32/bin/../lib/gcc/arm-none-eabi/12.3.1/thumb/v7e-m+fp/hard/crtbegin.o
                [!provide]                        PROVIDE (__fini_array_end = .)
                0x08004ba8                        . = ALIGN (0x8)
 *fill*         0x08004ba4        0x4 
                0x08004ba8                        _sidata = LOADADDR (.data)

.data           0x20000000      0x1d8 load address 0x08004ba8
                0x20000000                        . = ALIGN (0x8)
                0x20000000                        _sdata = .
 *(.data)
 *(.data*)
 .data.SystemCoreClock
                0x20000000        0x4 CMakeFiles/devcontainer-stm32-cubemx-clean.dir/Core/Src/system_stm32l4xx.c.obj
                0x20000000                SystemCoreClock
 .data.uwTickPrio
                0x20000004        0x4 CMakeFiles/devcontainer-stm32-cubemx-clean.dir/Drivers/STM32L4xx_HAL_Driver/Src/stm32l4xx_hal.c.obj
                0x20000004                uwTickPrio
 .data.uwTickFreq
                0x20000008        0x1 CMakeFiles/devcontainer-stm32-cubemx-clean.dir/Drivers/STM32L4xx_HAL_Driver/Src/stm32l4xx_hal.c.obj
                0x20000008                uwTickFreq
 *fill*         0x20000009        0x3 
 .data.__sglue  0x2000000c        0xc /home/franek/st/stm32cubeclt_1.17.0_2/GNU-tools-for-STM32/bin/../lib/gcc/arm-none-eabi/12.3.1/../../../../arm-none-eabi/lib/thumb/v7e-m+fp/hard/libc_nano.a(libc_a-findfp.o)
                0x2000000c                __sglue
 .data._impure_ptr
                0x20000018        0x4 /home/franek/st/stm32cubeclt_1.17.0_2/GNU-tools-for-STM32/bin/../lib/gcc/arm-none-eabi/12.3.1/../../../../arm-none-eabi/lib/thumb/v7e-m+fp/hard/libc_nano.a(libc_a-impure.o)
                0x20000018                _impure_ptr
 .data._impure_data
                0x2000001c       0x4c /home/franek/st/stm32cubeclt_1.17.0_2/GNU-tools-for-STM32/bin/../lib/gcc/arm-none-eabi/12.3.1/../../../../arm-none-eabi/lib/thumb/v7e-m+fp/hard/libc_nano.a(libc_a-impure.o)
                0x2000001c                _impure_data
 .data.__global_locale
                0x20000068      0x16c /home/franek/st/stm32cubeclt_1.17.0_2/GNU-tools-for-STM32/bin/../lib/gcc/arm-none-eabi/12.3.1/../../../../arm-none-eabi/lib/thumb/v7e-m+fp/hard/libc_nano.a(libc_a-locale.o)
                0x20000068                __global_locale
                0x200001d8                        . = ALIGN (0x8)
 *fill*         0x200001d4        0x4 
                0x200001d8                        _edata = .

.igot.plt       0x200001d8        0x0 load address 0x08004d80
 .igot.plt      0x200001d8        0x0 /home/franek/st/stm32cubeclt_1.17.0_2/GNU-tools-for-STM32/bin/../lib/gcc/arm-none-eabi/12.3.1/thumb/v7e-m+fp/hard/crtbegin.o
                0x200001d8                        . = ALIGN (0x4)

.bss            0x200001d8      0x170 load address 0x08004d80
                0x200001d8                        _sbss = .
                0x200001d8                        __bss_start__ = _sbss
 *(.bss)
 .bss           0x200001d8       0x1c /home/franek/st/stm32cubeclt_1.17.0_2/GNU-tools-for-STM32/bin/../lib/gcc/arm-none-eabi/12.3.1/thumb/v7e-m+fp/hard/crtbegin.o
 *(.bss*)
 .bss.__sbrk_heap_end
                0x200001f4        0x4 CMakeFiles/devcontainer-stm32-cubemx-clean.dir/Core/Src/sysmem.c.obj
 .bss.uwTick    0x200001f8        0x4 CMakeFiles/devcontainer-stm32-cubemx-clean.dir/Drivers/STM32L4xx_HAL_Driver/Src/stm32l4xx_hal.c.obj
                0x200001f8                uwTick
 .bss.__sf      0x200001fc      0x138 /home/franek/st/stm32cubeclt_1.17.0_2/GNU-tools-for-STM32/bin/../lib/gcc/arm-none-eabi/12.3.1/../../../../arm-none-eabi/lib/thumb/v7e-m+fp/hard/libc_nano.a(libc_a-findfp.o)
                0x200001fc                __sf
 .bss.__stdio_exit_handler
                0x20000334        0x4 /home/franek/st/stm32cubeclt_1.17.0_2/GNU-tools-for-STM32/bin/../lib/gcc/arm-none-eabi/12.3.1/../../../../arm-none-eabi/lib/thumb/v7e-m+fp/hard/libc_nano.a(libc_a-findfp.o)
                0x20000334                __stdio_exit_handler
 .bss.errno     0x20000338        0x4 /home/franek/st/stm32cubeclt_1.17.0_2/GNU-tools-for-STM32/bin/../lib/gcc/arm-none-eabi/12.3.1/../../../../arm-none-eabi/lib/thumb/v7e-m+fp/hard/libc_nano.a(libc_a-reent.o)
                0x20000338                errno
 .bss.__lock___malloc_recursive_mutex
                0x2000033c        0x1 /home/franek/st/stm32cubeclt_1.17.0_2/GNU-tools-for-STM32/bin/../lib/gcc/arm-none-eabi/12.3.1/../../../../arm-none-eabi/lib/thumb/v7e-m+fp/hard/libc_nano.a(libc_a-lock.o)
                0x2000033c                __lock___malloc_recursive_mutex
 .bss.__lock___sfp_recursive_mutex
                0x2000033d        0x1 /home/franek/st/stm32cubeclt_1.17.0_2/GNU-tools-for-STM32/bin/../lib/gcc/arm-none-eabi/12.3.1/../../../../arm-none-eabi/lib/thumb/v7e-m+fp/hard/libc_nano.a(libc_a-lock.o)
                0x2000033d                __lock___sfp_recursive_mutex
 *fill*         0x2000033e        0x2 
 .bss.__malloc_sbrk_start
                0x20000340        0x4 /home/franek/st/stm32cubeclt_1.17.0_2/GNU-tools-for-STM32/bin/../lib/gcc/arm-none-eabi/12.3.1/../../../../arm-none-eabi/lib/thumb/v7e-m+fp/hard/libc_nano.a(libc_a-mallocr.o)
                0x20000340                __malloc_sbrk_start
 .bss.__malloc_free_list
                0x20000344        0x4 /home/franek/st/stm32cubeclt_1.17.0_2/GNU-tools-for-STM32/bin/../lib/gcc/arm-none-eabi/12.3.1/../../../../arm-none-eabi/lib/thumb/v7e-m+fp/hard/libc_nano.a(libc_a-mallocr.o)
                0x20000344                __malloc_free_list
 *(COMMON)
                0x20000348                        . = ALIGN (0x4)
                0x20000348                        _ebss = .
                0x20000348                        __bss_end__ = _ebss

._user_heap_stack
                0x20000348      0x600 load address 0x08004d80
                0x20000348                        . = ALIGN (0x8)
                [!provide]                        PROVIDE (end = .)
                0x20000348                        PROVIDE (_end = .)
                0x20000548                        . = (. + _Min_Heap_Size)
 *fill*         0x20000348      0x200 
                0x20000948                        . = (. + _Min_Stack_Size)
 *fill*         0x20000548      0x400 
                0x20000948                        . = ALIGN (0x8)

/DISCARD/
 libc.a(*)
 libm.a(*)
 libgcc.a(*)
OUTPUT(devcontainer-stm32-cubemx-clean.elf elf32-littlearm)
LOAD linker stubs
LOAD /home/franek/st/stm32cubeclt_1.17.0_2/GNU-tools-for-STM32/bin/../lib/gcc/arm-none-eabi/12.3.1/../../../../arm-none-eabi/lib/thumb/v7e-m+fp/hard/libc.a
LOAD /home/franek/st/stm32cubeclt_1.17.0_2/GNU-tools-for-STM32/bin/../lib/gcc/arm-none-eabi/12.3.1/../../../../arm-none-eabi/lib/thumb/v7e-m+fp/hard/libm.a
LOAD /home/franek/st/stm32cubeclt_1.17.0_2/GNU-tools-for-STM32/bin/../lib/gcc/arm-none-eabi/12.3.1/thumb/v7e-m+fp/hard/libgcc.a

.ARM.attributes
                0x00000000       0x30
 .ARM.attributes
                0x00000000       0x22 /home/franek/st/stm32cubeclt_1.17.0_2/GNU-tools-for-STM32/bin/../lib/gcc/arm-none-eabi/12.3.1/thumb/v7e-m+fp/hard/crti.o
 .ARM.attributes
                0x00000022       0x34 /home/franek/st/stm32cubeclt_1.17.0_2/GNU-tools-for-STM32/bin/../lib/gcc/arm-none-eabi/12.3.1/thumb/v7e-m+fp/hard/crtbegin.o
 .ARM.attributes
                0x00000056       0x34 CMakeFiles/devcontainer-stm32-cubemx-clean.dir/Core/Src/system_clock.c.obj
 .ARM.attributes
                0x0000008a       0x34 CMakeFiles/devcontainer-stm32-cubemx-clean.dir/Core/Src/stm32l4xx_it.c.obj
 .ARM.attributes
                0x000000be       0x34 CMakeFiles/devcontainer-stm32-cubemx-clean.dir/Core/Src/stm32l4xx_hal_msp.c.obj
 .ARM.attributes
                0x000000f2       0x34 CMakeFiles/devcontainer-stm32-cubemx-clean.dir/Core/Src/system_stm32l4xx.c.obj
 .ARM.attributes
                0x00000126       0x34 CMakeFiles/devcontainer-stm32-cubemx-clean.dir/Core/Src/sysmem.c.obj
 .ARM.attributes
                0x0000015a       0x34 CMakeFiles/devcontainer-stm32-cubemx-clean.dir/Core/Src/syscalls.c.obj
 .ARM.attributes
                0x0000018e       0x34 CMakeFiles/devcontainer-stm32-cubemx-clean.dir/Core/Src/main.cpp.obj
 .ARM.attributes
                0x000001c2       0x34 CMakeFiles/devcontainer-stm32-cubemx-clean.dir/Drivers/STM32L4xx_HAL_Driver/Src/stm32l4xx_hal.c.obj
 .ARM.attributes
                0x000001f6       0x34 CMakeFiles/devcontainer-stm32-cubemx-clean.dir/Drivers/STM32L4xx_HAL_Driver/Src/stm32l4xx_hal_rcc.c.obj
 .ARM.attributes
                0x0000022a       0x34 CMakeFiles/devcontainer-stm32-cubemx-clean.dir/Drivers/STM32L4xx_HAL_Driver/Src/stm32l4xx_hal_gpio.c.obj
 .ARM.attributes
                0x0000025e       0x34 CMakeFiles/devcontainer-stm32-cubemx-clean.dir/Drivers/STM32L4xx_HAL_Driver/Src/stm32l4xx_hal_pwr_ex.c.obj
 .ARM.attributes
                0x00000292       0x34 CMakeFiles/devcontainer-stm32-cubemx-clean.dir/Drivers/STM32L4xx_HAL_Driver/Src/stm32l4xx_hal_cortex.c.obj
 .ARM.attributes
                0x000002c6       0x21 CMakeFiles/devcontainer-stm32-cubemx-clean.dir/startup_stm32l476xx.s.obj
 .ARM.attributes
                0x000002e7       0x34 /home/franek/st/stm32cubeclt_1.17.0_2/GNU-tools-for-STM32/bin/../lib/gcc/arm-none-eabi/12.3.1/../../../../arm-none-eabi/lib/thumb/v7e-m+fp/hard/libc_nano.a(libc_a-nano-vfprintf_float.o)
 .ARM.attributes
                0x0000031b       0x34 /home/franek/st/stm32cubeclt_1.17.0_2/GNU-tools-for-STM32/bin/../lib/gcc/arm-none-eabi/12.3.1/../../../../arm-none-eabi/lib/thumb/v7e-m+fp/hard/libc_nano.a(libc_a-nano-vfprintf_i.o)
 .ARM.attributes
                0x0000034f       0x34 /home/franek/st/stm32cubeclt_1.17.0_2/GNU-tools-for-STM32/bin/../lib/gcc/arm-none-eabi/12.3.1/../../../../arm-none-eabi/lib/thumb/v7e-m+fp/hard/libc_nano.a(libc_a-findfp.o)
 .ARM.attributes
                0x00000383       0x34 /home/franek/st/stm32cubeclt_1.17.0_2/GNU-tools-for-STM32/bin/../lib/gcc/arm-none-eabi/12.3.1/../../../../arm-none-eabi/lib/thumb/v7e-m+fp/hard/libc_nano.a(libc_a-fwalk.o)
 .ARM.attributes
                0x000003b7       0x34 /home/franek/st/stm32cubeclt_1.17.0_2/GNU-tools-for-STM32/bin/../lib/gcc/arm-none-eabi/12.3.1/../../../../arm-none-eabi/lib/thumb/v7e-m+fp/hard/libc_nano.a(libc_a-printf.o)
 .ARM.attributes
                0x000003eb       0x34 /home/franek/st/stm32cubeclt_1.17.0_2/GNU-tools-for-STM32/bin/../lib/gcc/arm-none-eabi/12.3.1/../../../../arm-none-eabi/lib/thumb/v7e-m+fp/hard/libc_nano.a(libc_a-stdio.o)
 .ARM.attributes
                0x0000041f       0x34 /home/franek/st/stm32cubeclt_1.17.0_2/GNU-tools-for-STM32/bin/../lib/gcc/arm-none-eabi/12.3.1/../../../../arm-none-eabi/lib/thumb/v7e-m+fp/hard/libc_nano.a(libc_a-memset.o)
 .ARM.attributes
                0x00000453       0x34 /home/franek/st/stm32cubeclt_1.17.0_2/GNU-tools-for-STM32/bin/../lib/gcc/arm-none-eabi/12.3.1/../../../../arm-none-eabi/lib/thumb/v7e-m+fp/hard/libc_nano.a(libc_a-localeconv.o)
 .ARM.attributes
                0x00000487       0x34 /home/franek/st/stm32cubeclt_1.17.0_2/GNU-tools-for-STM32/bin/../lib/gcc/arm-none-eabi/12.3.1/../../../../arm-none-eabi/lib/thumb/v7e-m+fp/hard/libc_nano.a(libc_a-closer.o)
 .ARM.attributes
                0x000004bb       0x34 /home/franek/st/stm32cubeclt_1.17.0_2/GNU-tools-for-STM32/bin/../lib/gcc/arm-none-eabi/12.3.1/../../../../arm-none-eabi/lib/thumb/v7e-m+fp/hard/libc_nano.a(libc_a-reent.o)
 .ARM.attributes
                0x000004ef       0x34 /home/franek/st/stm32cubeclt_1.17.0_2/GNU-tools-for-STM32/bin/../lib/gcc/arm-none-eabi/12.3.1/../../../../arm-none-eabi/lib/thumb/v7e-m+fp/hard/libc_nano.a(libc_a-impure.o)
 .ARM.attributes
                0x00000523       0x34 /home/franek/st/stm32cubeclt_1.17.0_2/GNU-tools-for-STM32/bin/../lib/gcc/arm-none-eabi/12.3.1/../../../../arm-none-eabi/lib/thumb/v7e-m+fp/hard/libc_nano.a(libc_a-lseekr.o)
 .ARM.attributes
                0x00000557       0x34 /home/franek/st/stm32cubeclt_1.17.0_2/GNU-tools-for-STM32/bin/../lib/gcc/arm-none-eabi/12.3.1/../../../../arm-none-eabi/lib/thumb/v7e-m+fp/hard/libc_nano.a(libc_a-readr.o)
 .ARM.attributes
                0x0000058b       0x34 /home/franek/st/stm32cubeclt_1.17.0_2/GNU-tools-for-STM32/bin/../lib/gcc/arm-none-eabi/12.3.1/../../../../arm-none-eabi/lib/thumb/v7e-m+fp/hard/libc_nano.a(libc_a-writer.o)
 .ARM.attributes
                0x000005bf       0x34 /home/franek/st/stm32cubeclt_1.17.0_2/GNU-tools-for-STM32/bin/../lib/gcc/arm-none-eabi/12.3.1/../../../../arm-none-eabi/lib/thumb/v7e-m+fp/hard/libc_nano.a(libc_a-errno.o)
 .ARM.attributes
                0x000005f3       0x34 /home/franek/st/stm32cubeclt_1.17.0_2/GNU-tools-for-STM32/bin/../lib/gcc/arm-none-eabi/12.3.1/../../../../arm-none-eabi/lib/thumb/v7e-m+fp/hard/libc_nano.a(libc_a-init.o)
 .ARM.attributes
                0x00000627       0x34 /home/franek/st/stm32cubeclt_1.17.0_2/GNU-tools-for-STM32/bin/../lib/gcc/arm-none-eabi/12.3.1/../../../../arm-none-eabi/lib/thumb/v7e-m+fp/hard/libc_nano.a(libc_a-lock.o)
 .ARM.attributes
                0x0000065b       0x1c /home/franek/st/stm32cubeclt_1.17.0_2/GNU-tools-for-STM32/bin/../lib/gcc/arm-none-eabi/12.3.1/../../../../arm-none-eabi/lib/thumb/v7e-m+fp/hard/libc_nano.a(libc_a-memchr.o)
 .ARM.attributes
                0x00000677       0x17 /home/franek/st/stm32cubeclt_1.17.0_2/GNU-tools-for-STM32/bin/../lib/gcc/arm-none-eabi/12.3.1/../../../../arm-none-eabi/lib/thumb/v7e-m+fp/hard/libc_nano.a(libc_a-strlen.o)
 .ARM.attributes
                0x0000068e       0x34 /home/franek/st/stm32cubeclt_1.17.0_2/GNU-tools-for-STM32/bin/../lib/gcc/arm-none-eabi/12.3.1/../../../../arm-none-eabi/lib/thumb/v7e-m+fp/hard/libc_nano.a(libc_a-dtoa.o)
 .ARM.attributes
                0x000006c2       0x34 /home/franek/st/stm32cubeclt_1.17.0_2/GNU-tools-for-STM32/bin/../lib/gcc/arm-none-eabi/12.3.1/../../../../arm-none-eabi/lib/thumb/v7e-m+fp/hard/libc_nano.a(libc_a-freer.o)
 .ARM.attributes
                0x000006f6       0x34 /home/franek/st/stm32cubeclt_1.17.0_2/GNU-tools-for-STM32/bin/../lib/gcc/arm-none-eabi/12.3.1/../../../../arm-none-eabi/lib/thumb/v7e-m+fp/hard/libc_nano.a(libc_a-malloc.o)
 .ARM.attributes
                0x0000072a       0x34 /home/franek/st/stm32cubeclt_1.17.0_2/GNU-tools-for-STM32/bin/../lib/gcc/arm-none-eabi/12.3.1/../../../../arm-none-eabi/lib/thumb/v7e-m+fp/hard/libc_nano.a(libc_a-mallocr.o)
 .ARM.attributes
                0x0000075e       0x34 /home/franek/st/stm32cubeclt_1.17.0_2/GNU-tools-for-STM32/bin/../lib/gcc/arm-none-eabi/12.3.1/../../../../arm-none-eabi/lib/thumb/v7e-m+fp/hard/libc_nano.a(libc_a-mlock.o)
 .ARM.attributes
                0x00000792       0x34 /home/franek/st/stm32cubeclt_1.17.0_2/GNU-tools-for-STM32/bin/../lib/gcc/arm-none-eabi/12.3.1/../../../../arm-none-eabi/lib/thumb/v7e-m+fp/hard/libc_nano.a(libc_a-mprec.o)
 .ARM.attributes
                0x000007c6       0x34 /home/franek/st/stm32cubeclt_1.17.0_2/GNU-tools-for-STM32/bin/../lib/gcc/arm-none-eabi/12.3.1/../../../../arm-none-eabi/lib/thumb/v7e-m+fp/hard/libc_nano.a(libc_a-nano-vfprintf.o)
 .ARM.attributes
                0x000007fa       0x34 /home/franek/st/stm32cubeclt_1.17.0_2/GNU-tools-for-STM32/bin/../lib/gcc/arm-none-eabi/12.3.1/../../../../arm-none-eabi/lib/thumb/v7e-m+fp/hard/libc_nano.a(libc_a-fflush.o)
 .ARM.attributes
                0x0000082e       0x34 /home/franek/st/stm32cubeclt_1.17.0_2/GNU-tools-for-STM32/bin/../lib/gcc/arm-none-eabi/12.3.1/../../../../arm-none-eabi/lib/thumb/v7e-m+fp/hard/libc_nano.a(libc_a-wbuf.o)
 .ARM.attributes
                0x00000862       0x34 /home/franek/st/stm32cubeclt_1.17.0_2/GNU-tools-for-STM32/bin/../lib/gcc/arm-none-eabi/12.3.1/../../../../arm-none-eabi/lib/thumb/v7e-m+fp/hard/libc_nano.a(libc_a-wsetup.o)
 .ARM.attributes
                0x00000896       0x34 /home/franek/st/stm32cubeclt_1.17.0_2/GNU-tools-for-STM32/bin/../lib/gcc/arm-none-eabi/12.3.1/../../../../arm-none-eabi/lib/thumb/v7e-m+fp/hard/libc_nano.a(libc_a-locale.o)
 .ARM.attributes
                0x000008ca       0x34 /home/franek/st/stm32cubeclt_1.17.0_2/GNU-tools-for-STM32/bin/../lib/gcc/arm-none-eabi/12.3.1/../../../../arm-none-eabi/lib/thumb/v7e-m+fp/hard/libc_nano.a(libc_a-sbrkr.o)
 .ARM.attributes
                0x000008fe       0x34 /home/franek/st/stm32cubeclt_1.17.0_2/GNU-tools-for-STM32/bin/../lib/gcc/arm-none-eabi/12.3.1/../../../../arm-none-eabi/lib/thumb/v7e-m+fp/hard/libc_nano.a(libc_a-memcpy-stub.o)
 .ARM.attributes
                0x00000932       0x34 /home/franek/st/stm32cubeclt_1.17.0_2/GNU-tools-for-STM32/bin/../lib/gcc/arm-none-eabi/12.3.1/../../../../arm-none-eabi/lib/thumb/v7e-m+fp/hard/libc_nano.a(libc_a-assert.o)
 .ARM.attributes
                0x00000966       0x34 /home/franek/st/stm32cubeclt_1.17.0_2/GNU-tools-for-STM32/bin/../lib/gcc/arm-none-eabi/12.3.1/../../../../arm-none-eabi/lib/thumb/v7e-m+fp/hard/libc_nano.a(libc_a-callocr.o)
 .ARM.attributes
                0x0000099a       0x34 /home/franek/st/stm32cubeclt_1.17.0_2/GNU-tools-for-STM32/bin/../lib/gcc/arm-none-eabi/12.3.1/../../../../arm-none-eabi/lib/thumb/v7e-m+fp/hard/libc_nano.a(libc_a-mbtowc_r.o)
 .ARM.attributes
                0x000009ce       0x34 /home/franek/st/stm32cubeclt_1.17.0_2/GNU-tools-for-STM32/bin/../lib/gcc/arm-none-eabi/12.3.1/../../../../arm-none-eabi/lib/thumb/v7e-m+fp/hard/libc_nano.a(libc_a-wctomb_r.o)
 .ARM.attributes
                0x00000a02       0x34 /home/franek/st/stm32cubeclt_1.17.0_2/GNU-tools-for-STM32/bin/../lib/gcc/arm-none-eabi/12.3.1/../../../../arm-none-eabi/lib/thumb/v7e-m+fp/hard/libc_nano.a(libc_a-ctype_.o)
 .ARM.attributes
                0x00000a36       0x34 /home/franek/st/stm32cubeclt_1.17.0_2/GNU-tools-for-STM32/bin/../lib/gcc/arm-none-eabi/12.3.1/../../../../arm-none-eabi/lib/thumb/v7e-m+fp/hard/libc_nano.a(libc_a-fprintf.o)
 .ARM.attributes
                0x00000a6a       0x34 /home/franek/st/stm32cubeclt_1.17.0_2/GNU-tools-for-STM32/bin/../lib/gcc/arm-none-eabi/12.3.1/../../../../arm-none-eabi/lib/thumb/v7e-m+fp/hard/libc_nano.a(libc_a-makebuf.o)
 .ARM.attributes
                0x00000a9e       0x34 /home/franek/st/stm32cubeclt_1.17.0_2/GNU-tools-for-STM32/bin/../lib/gcc/arm-none-eabi/12.3.1/../../../../arm-none-eabi/lib/thumb/v7e-m+fp/hard/libc_nano.a(libc_a-fstatr.o)
 .ARM.attributes
                0x00000ad2       0x34 /home/franek/st/stm32cubeclt_1.17.0_2/GNU-tools-for-STM32/bin/../lib/gcc/arm-none-eabi/12.3.1/../../../../arm-none-eabi/lib/thumb/v7e-m+fp/hard/libc_nano.a(libc_a-isattyr.o)
 .ARM.attributes
                0x00000b06       0x34 /home/franek/st/stm32cubeclt_1.17.0_2/GNU-tools-for-STM32/bin/../lib/gcc/arm-none-eabi/12.3.1/../../../../arm-none-eabi/lib/thumb/v7e-m+fp/hard/libc_nano.a(libc_a-abort.o)
 .ARM.attributes
                0x00000b3a       0x34 /home/franek/st/stm32cubeclt_1.17.0_2/GNU-tools-for-STM32/bin/../lib/gcc/arm-none-eabi/12.3.1/../../../../arm-none-eabi/lib/thumb/v7e-m+fp/hard/libc_nano.a(libc_a-signal.o)
 .ARM.attributes
                0x00000b6e       0x34 /home/franek/st/stm32cubeclt_1.17.0_2/GNU-tools-for-STM32/bin/../lib/gcc/arm-none-eabi/12.3.1/../../../../arm-none-eabi/lib/thumb/v7e-m+fp/hard/libc_nano.a(libc_a-signalr.o)
 .ARM.attributes
                0x00000ba2       0x22 /home/franek/st/stm32cubeclt_1.17.0_2/GNU-tools-for-STM32/bin/../lib/gcc/arm-none-eabi/12.3.1/thumb/v7e-m+fp/hard/libgcc.a(_arm_addsubdf3.o)
 .ARM.attributes
                0x00000bc4       0x22 /home/franek/st/stm32cubeclt_1.17.0_2/GNU-tools-for-STM32/bin/../lib/gcc/arm-none-eabi/12.3.1/thumb/v7e-m+fp/hard/libgcc.a(_arm_muldivdf3.o)
 .ARM.attributes
                0x00000be6       0x22 /home/franek/st/stm32cubeclt_1.17.0_2/GNU-tools-for-STM32/bin/../lib/gcc/arm-none-eabi/12.3.1/thumb/v7e-m+fp/hard/libgcc.a(_arm_cmpdf2.o)
 .ARM.attributes
                0x00000c08       0x22 /home/franek/st/stm32cubeclt_1.17.0_2/GNU-tools-for-STM32/bin/../lib/gcc/arm-none-eabi/12.3.1/thumb/v7e-m+fp/hard/libgcc.a(_arm_unorddf2.o)
 .ARM.attributes
                0x00000c2a       0x22 /home/franek/st/stm32cubeclt_1.17.0_2/GNU-tools-for-STM32/bin/../lib/gcc/arm-none-eabi/12.3.1/thumb/v7e-m+fp/hard/libgcc.a(_arm_fixdfsi.o)
 .ARM.attributes
                0x00000c4c       0x22 /home/franek/st/stm32cubeclt_1.17.0_2/GNU-tools-for-STM32/bin/../lib/gcc/arm-none-eabi/12.3.1/thumb/v7e-m+fp/hard/crtn.o

.comment        0x00000000       0x43
 .comment       0x00000000       0x43 CMakeFiles/devcontainer-stm32-cubemx-clean.dir/Core/Src/system_clock.c.obj
                                 0x44 (size before relaxing)
 .comment       0x00000043       0x44 CMakeFiles/devcontainer-stm32-cubemx-clean.dir/Core/Src/stm32l4xx_it.c.obj
 .comment       0x00000043       0x44 CMakeFiles/devcontainer-stm32-cubemx-clean.dir/Core/Src/stm32l4xx_hal_msp.c.obj
 .comment       0x00000043       0x44 CMakeFiles/devcontainer-stm32-cubemx-clean.dir/Core/Src/system_stm32l4xx.c.obj
 .comment       0x00000043       0x44 CMakeFiles/devcontainer-stm32-cubemx-clean.dir/Core/Src/sysmem.c.obj
 .comment       0x00000043       0x44 CMakeFiles/devcontainer-stm32-cubemx-clean.dir/Core/Src/syscalls.c.obj
 .comment       0x00000043       0x44 CMakeFiles/devcontainer-stm32-cubemx-clean.dir/Core/Src/main.cpp.obj
 .comment       0x00000043       0x44 CMakeFiles/devcontainer-stm32-cubemx-clean.dir/Drivers/STM32L4xx_HAL_Driver/Src/stm32l4xx_hal.c.obj
 .comment       0x00000043       0x44 CMakeFiles/devcontainer-stm32-cubemx-clean.dir/Drivers/STM32L4xx_HAL_Driver/Src/stm32l4xx_hal_rcc.c.obj
 .comment       0x00000043       0x44 CMakeFiles/devcontainer-stm32-cubemx-clean.dir/Drivers/STM32L4xx_HAL_Driver/Src/stm32l4xx_hal_gpio.c.obj
 .comment       0x00000043       0x44 CMakeFiles/devcontainer-stm32-cubemx-clean.dir/Drivers/STM32L4xx_HAL_Driver/Src/stm32l4xx_hal_pwr_ex.c.obj
 .comment       0x00000043       0x44 CMakeFiles/devcontainer-stm32-cubemx-clean.dir/Drivers/STM32L4xx_HAL_Driver/Src/stm32l4xx_hal_cortex.c.obj

.debug_info     0x00000000     0x4c1d
 .debug_info    0x00000000      0x2b8 CMakeFiles/devcontainer-stm32-cubemx-clean.dir/Core/Src/system_clock.c.obj
 .debug_info    0x000002b8      0x14c CMakeFiles/devcontainer-stm32-cubemx-clean.dir/Core/Src/stm32l4xx_it.c.obj
 .debug_info    0x00000404      0x2b9 CMakeFiles/devcontainer-stm32-cubemx-clean.dir/Core/Src/stm32l4xx_hal_msp.c.obj
 .debug_info    0x000006bd      0x5b3 CMakeFiles/devcontainer-stm32-cubemx-clean.dir/Core/Src/system_stm32l4xx.c.obj
 .debug_info    0x00000c70      0x168 CMakeFiles/devcontainer-stm32-cubemx-clean.dir/Core/Src/sysmem.c.obj
 .debug_info    0x00000dd8      0x6a3 CMakeFiles/devcontainer-stm32-cubemx-clean.dir/Core/Src/syscalls.c.obj
 .debug_info    0x0000147b       0xdf CMakeFiles/devcontainer-stm32-cubemx-clean.dir/Core/Src/main.cpp.obj
 .debug_info    0x0000155a      0xc09 CMakeFiles/devcontainer-stm32-cubemx-clean.dir/Drivers/STM32L4xx_HAL_Driver/Src/stm32l4xx_hal.c.obj
 .debug_info    0x00002163      0xc14 CMakeFiles/devcontainer-stm32-cubemx-clean.dir/Drivers/STM32L4xx_HAL_Driver/Src/stm32l4xx_hal_rcc.c.obj
 .debug_info    0x00002d77      0x757 CMakeFiles/devcontainer-stm32-cubemx-clean.dir/Drivers/STM32L4xx_HAL_Driver/Src/stm32l4xx_hal_gpio.c.obj
 .debug_info    0x000034ce      0x99e CMakeFiles/devcontainer-stm32-cubemx-clean.dir/Drivers/STM32L4xx_HAL_Driver/Src/stm32l4xx_hal_pwr_ex.c.obj
 .debug_info    0x00003e6c      0xd81 CMakeFiles/devcontainer-stm32-cubemx-clean.dir/Drivers/STM32L4xx_HAL_Driver/Src/stm32l4xx_hal_cortex.c.obj
 .debug_info    0x00004bed       0x30 CMakeFiles/devcontainer-stm32-cubemx-clean.dir/startup_stm32l476xx.s.obj

.debug_abbrev   0x00000000     0x12c0
 .debug_abbrev  0x00000000      0x11d CMakeFiles/devcontainer-stm32-cubemx-clean.dir/Core/Src/system_clock.c.obj
 .debug_abbrev  0x0000011d       0xa0 CMakeFiles/devcontainer-stm32-cubemx-clean.dir/Core/Src/stm32l4xx_it.c.obj
 .debug_abbrev  0x000001bd       0xc6 CMakeFiles/devcontainer-stm32-cubemx-clean.dir/Core/Src/stm32l4xx_hal_msp.c.obj
 .debug_abbrev  0x00000283      0x11a CMakeFiles/devcontainer-stm32-cubemx-clean.dir/Core/Src/system_stm32l4xx.c.obj
 .debug_abbrev  0x0000039d       0xbc CMakeFiles/devcontainer-stm32-cubemx-clean.dir/Core/Src/sysmem.c.obj
 .debug_abbrev  0x00000459      0x1b8 CMakeFiles/devcontainer-stm32-cubemx-clean.dir/Core/Src/syscalls.c.obj
 .debug_abbrev  0x00000611       0x9d CMakeFiles/devcontainer-stm32-cubemx-clean.dir/Core/Src/main.cpp.obj
 .debug_abbrev  0x000006ae      0x243 CMakeFiles/devcontainer-stm32-cubemx-clean.dir/Drivers/STM32L4xx_HAL_Driver/Src/stm32l4xx_hal.c.obj
 .debug_abbrev  0x000008f1      0x2cb CMakeFiles/devcontainer-stm32-cubemx-clean.dir/Drivers/STM32L4xx_HAL_Driver/Src/stm32l4xx_hal_rcc.c.obj
 .debug_abbrev  0x00000bbc      0x1cb CMakeFiles/devcontainer-stm32-cubemx-clean.dir/Drivers/STM32L4xx_HAL_Driver/Src/stm32l4xx_hal_gpio.c.obj
 .debug_abbrev  0x00000d87      0x1f9 CMakeFiles/devcontainer-stm32-cubemx-clean.dir/Drivers/STM32L4xx_HAL_Driver/Src/stm32l4xx_hal_pwr_ex.c.obj
 .debug_abbrev  0x00000f80      0x31c CMakeFiles/devcontainer-stm32-cubemx-clean.dir/Drivers/STM32L4xx_HAL_Driver/Src/stm32l4xx_hal_cortex.c.obj
 .debug_abbrev  0x0000129c       0x24 CMakeFiles/devcontainer-stm32-cubemx-clean.dir/startup_stm32l476xx.s.obj

.debug_aranges  0x00000000      0x688
 .debug_aranges
                0x00000000       0x28 CMakeFiles/devcontainer-stm32-cubemx-clean.dir/Core/Src/system_clock.c.obj
 .debug_aranges
                0x00000028       0x68 CMakeFiles/devcontainer-stm32-cubemx-clean.dir/Core/Src/stm32l4xx_it.c.obj
 .debug_aranges
                0x00000090       0x20 CMakeFiles/devcontainer-stm32-cubemx-clean.dir/Core/Src/stm32l4xx_hal_msp.c.obj
 .debug_aranges
                0x000000b0       0x28 CMakeFiles/devcontainer-stm32-cubemx-clean.dir/Core/Src/system_stm32l4xx.c.obj
 .debug_aranges
                0x000000d8       0x20 CMakeFiles/devcontainer-stm32-cubemx-clean.dir/Core/Src/sysmem.c.obj
 .debug_aranges
                0x000000f8       0xa8 CMakeFiles/devcontainer-stm32-cubemx-clean.dir/Core/Src/syscalls.c.obj
 .debug_aranges
                0x000001a0       0x20 CMakeFiles/devcontainer-stm32-cubemx-clean.dir/Core/Src/main.cpp.obj
 .debug_aranges
                0x000001c0      0x130 CMakeFiles/devcontainer-stm32-cubemx-clean.dir/Drivers/STM32L4xx_HAL_Driver/Src/stm32l4xx_hal.c.obj
 .debug_aranges
                0x000002f0       0x90 CMakeFiles/devcontainer-stm32-cubemx-clean.dir/Drivers/STM32L4xx_HAL_Driver/Src/stm32l4xx_hal_rcc.c.obj
 .debug_aranges
                0x00000380       0x58 CMakeFiles/devcontainer-stm32-cubemx-clean.dir/Drivers/STM32L4xx_HAL_Driver/Src/stm32l4xx_hal_gpio.c.obj
 .debug_aranges
                0x000003d8      0x160 CMakeFiles/devcontainer-stm32-cubemx-clean.dir/Drivers/STM32L4xx_HAL_Driver/Src/stm32l4xx_hal_pwr_ex.c.obj
 .debug_aranges
                0x00000538      0x128 CMakeFiles/devcontainer-stm32-cubemx-clean.dir/Drivers/STM32L4xx_HAL_Driver/Src/stm32l4xx_hal_cortex.c.obj
 .debug_aranges
                0x00000660       0x28 CMakeFiles/devcontainer-stm32-cubemx-clean.dir/startup_stm32l476xx.s.obj

.debug_rnglists
                0x00000000      0x4b6
 .debug_rnglists
                0x00000000       0x1a CMakeFiles/devcontainer-stm32-cubemx-clean.dir/Core/Src/system_clock.c.obj
 .debug_rnglists
                0x0000001a       0x49 CMakeFiles/devcontainer-stm32-cubemx-clean.dir/Core/Src/stm32l4xx_it.c.obj
 .debug_rnglists
                0x00000063       0x13 CMakeFiles/devcontainer-stm32-cubemx-clean.dir/Core/Src/stm32l4xx_hal_msp.c.obj
 .debug_rnglists
                0x00000076       0x1a CMakeFiles/devcontainer-stm32-cubemx-clean.dir/Core/Src/system_stm32l4xx.c.obj
 .debug_rnglists
                0x00000090       0x13 CMakeFiles/devcontainer-stm32-cubemx-clean.dir/Core/Src/sysmem.c.obj
 .debug_rnglists
                0x000000a3       0x79 CMakeFiles/devcontainer-stm32-cubemx-clean.dir/Core/Src/syscalls.c.obj
 .debug_rnglists
                0x0000011c       0x13 CMakeFiles/devcontainer-stm32-cubemx-clean.dir/Core/Src/main.cpp.obj
 .debug_rnglists
                0x0000012f       0xdf CMakeFiles/devcontainer-stm32-cubemx-clean.dir/Drivers/STM32L4xx_HAL_Driver/Src/stm32l4xx_hal.c.obj
 .debug_rnglists
                0x0000020e       0x6d CMakeFiles/devcontainer-stm32-cubemx-clean.dir/Drivers/STM32L4xx_HAL_Driver/Src/stm32l4xx_hal_rcc.c.obj
 .debug_rnglists
                0x0000027b       0x3f CMakeFiles/devcontainer-stm32-cubemx-clean.dir/Drivers/STM32L4xx_HAL_Driver/Src/stm32l4xx_hal_gpio.c.obj
 .debug_rnglists
                0x000002ba      0x109 CMakeFiles/devcontainer-stm32-cubemx-clean.dir/Drivers/STM32L4xx_HAL_Driver/Src/stm32l4xx_hal_pwr_ex.c.obj
 .debug_rnglists
                0x000003c3       0xda CMakeFiles/devcontainer-stm32-cubemx-clean.dir/Drivers/STM32L4xx_HAL_Driver/Src/stm32l4xx_hal_cortex.c.obj
 .debug_rnglists
                0x0000049d       0x19 CMakeFiles/devcontainer-stm32-cubemx-clean.dir/startup_stm32l476xx.s.obj

.debug_macro    0x00000000    0x284e3
 .debug_macro   0x00000000      0x2a7 CMakeFiles/devcontainer-stm32-cubemx-clean.dir/Core/Src/system_clock.c.obj
 .debug_macro   0x000002a7      0xab4 CMakeFiles/devcontainer-stm32-cubemx-clean.dir/Core/Src/system_clock.c.obj
 .debug_macro   0x00000d5b      0x1a7 CMakeFiles/devcontainer-stm32-cubemx-clean.dir/Core/Src/system_clock.c.obj
 .debug_macro   0x00000f02       0x2e CMakeFiles/devcontainer-stm32-cubemx-clean.dir/Core/Src/system_clock.c.obj
 .debug_macro   0x00000f30       0x28 CMakeFiles/devcontainer-stm32-cubemx-clean.dir/Core/Src/system_clock.c.obj
 .debug_macro   0x00000f58       0x22 CMakeFiles/devcontainer-stm32-cubemx-clean.dir/Core/Src/system_clock.c.obj
 .debug_macro   0x00000f7a       0x8e CMakeFiles/devcontainer-stm32-cubemx-clean.dir/Core/Src/system_clock.c.obj
 .debug_macro   0x00001008       0x51 CMakeFiles/devcontainer-stm32-cubemx-clean.dir/Core/Src/system_clock.c.obj
 .debug_macro   0x00001059      0x103 CMakeFiles/devcontainer-stm32-cubemx-clean.dir/Core/Src/system_clock.c.obj
 .debug_macro   0x0000115c       0x6a CMakeFiles/devcontainer-stm32-cubemx-clean.dir/Core/Src/system_clock.c.obj
 .debug_macro   0x000011c6      0x1df CMakeFiles/devcontainer-stm32-cubemx-clean.dir/Core/Src/system_clock.c.obj
 .debug_macro   0x000013a5       0x1c CMakeFiles/devcontainer-stm32-cubemx-clean.dir/Core/Src/system_clock.c.obj
 .debug_macro   0x000013c1       0x22 CMakeFiles/devcontainer-stm32-cubemx-clean.dir/Core/Src/system_clock.c.obj
 .debug_macro   0x000013e3       0xfb CMakeFiles/devcontainer-stm32-cubemx-clean.dir/Core/Src/system_clock.c.obj
 .debug_macro   0x000014de     0x1011 CMakeFiles/devcontainer-stm32-cubemx-clean.dir/Core/Src/system_clock.c.obj
 .debug_macro   0x000024ef      0x11f CMakeFiles/devcontainer-stm32-cubemx-clean.dir/Core/Src/system_clock.c.obj
 .debug_macro   0x0000260e    0x1a17a CMakeFiles/devcontainer-stm32-cubemx-clean.dir/Core/Src/system_clock.c.obj
 .debug_macro   0x0001c788       0x6d CMakeFiles/devcontainer-stm32-cubemx-clean.dir/Core/Src/system_clock.c.obj
 .debug_macro   0x0001c7f5     0x38fb CMakeFiles/devcontainer-stm32-cubemx-clean.dir/Core/Src/system_clock.c.obj
 .debug_macro   0x000200f0      0x189 CMakeFiles/devcontainer-stm32-cubemx-clean.dir/Core/Src/system_clock.c.obj
 .debug_macro   0x00020279       0x5c CMakeFiles/devcontainer-stm32-cubemx-clean.dir/Core/Src/system_clock.c.obj
 .debug_macro   0x000202d5     0x159e CMakeFiles/devcontainer-stm32-cubemx-clean.dir/Core/Src/system_clock.c.obj
 .debug_macro   0x00021873      0x5a5 CMakeFiles/devcontainer-stm32-cubemx-clean.dir/Core/Src/system_clock.c.obj
 .debug_macro   0x00021e18      0x1b9 CMakeFiles/devcontainer-stm32-cubemx-clean.dir/Core/Src/system_clock.c.obj
 .debug_macro   0x00021fd1      0x18b CMakeFiles/devcontainer-stm32-cubemx-clean.dir/Core/Src/system_clock.c.obj
 .debug_macro   0x0002215c      0x26b CMakeFiles/devcontainer-stm32-cubemx-clean.dir/Core/Src/system_clock.c.obj
 .debug_macro   0x000223c7      0x23d CMakeFiles/devcontainer-stm32-cubemx-clean.dir/Core/Src/system_clock.c.obj
 .debug_macro   0x00022604      0x241 CMakeFiles/devcontainer-stm32-cubemx-clean.dir/Core/Src/system_clock.c.obj
 .debug_macro   0x00022845      0x37c CMakeFiles/devcontainer-stm32-cubemx-clean.dir/Core/Src/system_clock.c.obj
 .debug_macro   0x00022bc1       0xd6 CMakeFiles/devcontainer-stm32-cubemx-clean.dir/Core/Src/system_clock.c.obj
 .debug_macro   0x00022c97      0x22c CMakeFiles/devcontainer-stm32-cubemx-clean.dir/Core/Src/system_clock.c.obj
 .debug_macro   0x00022ec3       0x61 CMakeFiles/devcontainer-stm32-cubemx-clean.dir/Core/Src/system_clock.c.obj
 .debug_macro   0x00022f24       0xa5 CMakeFiles/devcontainer-stm32-cubemx-clean.dir/Core/Src/system_clock.c.obj
 .debug_macro   0x00022fc9      0x122 CMakeFiles/devcontainer-stm32-cubemx-clean.dir/Core/Src/system_clock.c.obj
 .debug_macro   0x000230eb      0x3ef CMakeFiles/devcontainer-stm32-cubemx-clean.dir/Core/Src/system_clock.c.obj
 .debug_macro   0x000234da      0x5cf CMakeFiles/devcontainer-stm32-cubemx-clean.dir/Core/Src/system_clock.c.obj
 .debug_macro   0x00023aa9       0x44 CMakeFiles/devcontainer-stm32-cubemx-clean.dir/Core/Src/system_clock.c.obj
 .debug_macro   0x00023aed      0x330 CMakeFiles/devcontainer-stm32-cubemx-clean.dir/Core/Src/system_clock.c.obj
 .debug_macro   0x00023e1d       0x6a CMakeFiles/devcontainer-stm32-cubemx-clean.dir/Core/Src/system_clock.c.obj
 .debug_macro   0x00023e87       0x74 CMakeFiles/devcontainer-stm32-cubemx-clean.dir/Core/Src/system_clock.c.obj
 .debug_macro   0x00023efb       0x2a CMakeFiles/devcontainer-stm32-cubemx-clean.dir/Core/Src/system_clock.c.obj
 .debug_macro   0x00023f25       0x3c CMakeFiles/devcontainer-stm32-cubemx-clean.dir/Core/Src/system_clock.c.obj
 .debug_macro   0x00023f61       0x34 CMakeFiles/devcontainer-stm32-cubemx-clean.dir/Core/Src/system_clock.c.obj
 .debug_macro   0x00023f95       0x16 CMakeFiles/devcontainer-stm32-cubemx-clean.dir/Core/Src/system_clock.c.obj
 .debug_macro   0x00023fab       0x35 CMakeFiles/devcontainer-stm32-cubemx-clean.dir/Core/Src/system_clock.c.obj
 .debug_macro   0x00023fe0      0x369 CMakeFiles/devcontainer-stm32-cubemx-clean.dir/Core/Src/system_clock.c.obj
 .debug_macro   0x00024349       0x10 CMakeFiles/devcontainer-stm32-cubemx-clean.dir/Core/Src/system_clock.c.obj
 .debug_macro   0x00024359       0x16 CMakeFiles/devcontainer-stm32-cubemx-clean.dir/Core/Src/system_clock.c.obj
 .debug_macro   0x0002436f       0x43 CMakeFiles/devcontainer-stm32-cubemx-clean.dir/Core/Src/system_clock.c.obj
 .debug_macro   0x000243b2       0x34 CMakeFiles/devcontainer-stm32-cubemx-clean.dir/Core/Src/system_clock.c.obj
 .debug_macro   0x000243e6       0x10 CMakeFiles/devcontainer-stm32-cubemx-clean.dir/Core/Src/system_clock.c.obj
 .debug_macro   0x000243f6       0x58 CMakeFiles/devcontainer-stm32-cubemx-clean.dir/Core/Src/system_clock.c.obj
 .debug_macro   0x0002444e      0x1de CMakeFiles/devcontainer-stm32-cubemx-clean.dir/Core/Src/system_clock.c.obj
 .debug_macro   0x0002462c       0x16 CMakeFiles/devcontainer-stm32-cubemx-clean.dir/Core/Src/system_clock.c.obj
 .debug_macro   0x00024642       0x16 CMakeFiles/devcontainer-stm32-cubemx-clean.dir/Core/Src/system_clock.c.obj
 .debug_macro   0x00024658      0x170 CMakeFiles/devcontainer-stm32-cubemx-clean.dir/Core/Src/system_clock.c.obj
 .debug_macro   0x000247c8      0x1de CMakeFiles/devcontainer-stm32-cubemx-clean.dir/Core/Src/stm32l4xx_it.c.obj
 .debug_macro   0x000249a6      0x1d4 CMakeFiles/devcontainer-stm32-cubemx-clean.dir/Core/Src/stm32l4xx_hal_msp.c.obj
 .debug_macro   0x00024b7a      0x1c5 CMakeFiles/devcontainer-stm32-cubemx-clean.dir/Core/Src/system_stm32l4xx.c.obj
 .debug_macro   0x00024d3f       0xec CMakeFiles/devcontainer-stm32-cubemx-clean.dir/Core/Src/sysmem.c.obj
 .debug_macro   0x00024e2b       0x10 CMakeFiles/devcontainer-stm32-cubemx-clean.dir/Core/Src/sysmem.c.obj
 .debug_macro   0x00024e3b       0x6e CMakeFiles/devcontainer-stm32-cubemx-clean.dir/Core/Src/sysmem.c.obj
 .debug_macro   0x00024ea9       0x94 CMakeFiles/devcontainer-stm32-cubemx-clean.dir/Core/Src/sysmem.c.obj
 .debug_macro   0x00024f3d       0x57 CMakeFiles/devcontainer-stm32-cubemx-clean.dir/Core/Src/sysmem.c.obj
 .debug_macro   0x00024f94      0x23c CMakeFiles/devcontainer-stm32-cubemx-clean.dir/Core/Src/sysmem.c.obj
 .debug_macro   0x000251d0      0x265 CMakeFiles/devcontainer-stm32-cubemx-clean.dir/Core/Src/syscalls.c.obj
 .debug_macro   0x00025435       0x10 CMakeFiles/devcontainer-stm32-cubemx-clean.dir/Core/Src/syscalls.c.obj
 .debug_macro   0x00025445       0x1c CMakeFiles/devcontainer-stm32-cubemx-clean.dir/Core/Src/syscalls.c.obj
 .debug_macro   0x00025461       0x52 CMakeFiles/devcontainer-stm32-cubemx-clean.dir/Core/Src/syscalls.c.obj
 .debug_macro   0x000254b3       0x22 CMakeFiles/devcontainer-stm32-cubemx-clean.dir/Core/Src/syscalls.c.obj
 .debug_macro   0x000254d5       0x10 CMakeFiles/devcontainer-stm32-cubemx-clean.dir/Core/Src/syscalls.c.obj
 .debug_macro   0x000254e5       0x52 CMakeFiles/devcontainer-stm32-cubemx-clean.dir/Core/Src/syscalls.c.obj
 .debug_macro   0x00025537       0xcf CMakeFiles/devcontainer-stm32-cubemx-clean.dir/Core/Src/syscalls.c.obj
 .debug_macro   0x00025606       0x1c CMakeFiles/devcontainer-stm32-cubemx-clean.dir/Core/Src/syscalls.c.obj
 .debug_macro   0x00025622       0x3d CMakeFiles/devcontainer-stm32-cubemx-clean.dir/Core/Src/syscalls.c.obj
 .debug_macro   0x0002565f      0x18a CMakeFiles/devcontainer-stm32-cubemx-clean.dir/Core/Src/syscalls.c.obj
 .debug_macro   0x000257e9       0x16 CMakeFiles/devcontainer-stm32-cubemx-clean.dir/Core/Src/syscalls.c.obj
 .debug_macro   0x000257ff       0x1c CMakeFiles/devcontainer-stm32-cubemx-clean.dir/Core/Src/syscalls.c.obj
 .debug_macro   0x0002581b       0x10 CMakeFiles/devcontainer-stm32-cubemx-clean.dir/Core/Src/syscalls.c.obj
 .debug_macro   0x0002582b       0x16 CMakeFiles/devcontainer-stm32-cubemx-clean.dir/Core/Src/syscalls.c.obj
 .debug_macro   0x00025841       0x16 CMakeFiles/devcontainer-stm32-cubemx-clean.dir/Core/Src/syscalls.c.obj
 .debug_macro   0x00025857       0x29 CMakeFiles/devcontainer-stm32-cubemx-clean.dir/Core/Src/syscalls.c.obj
 .debug_macro   0x00025880       0x16 CMakeFiles/devcontainer-stm32-cubemx-clean.dir/Core/Src/syscalls.c.obj
 .debug_macro   0x00025896       0x10 CMakeFiles/devcontainer-stm32-cubemx-clean.dir/Core/Src/syscalls.c.obj
 .debug_macro   0x000258a6       0x10 CMakeFiles/devcontainer-stm32-cubemx-clean.dir/Core/Src/syscalls.c.obj
 .debug_macro   0x000258b6       0x35 CMakeFiles/devcontainer-stm32-cubemx-clean.dir/Core/Src/syscalls.c.obj
 .debug_macro   0x000258eb      0x12c CMakeFiles/devcontainer-stm32-cubemx-clean.dir/Core/Src/syscalls.c.obj
 .debug_macro   0x00025a17       0xce CMakeFiles/devcontainer-stm32-cubemx-clean.dir/Core/Src/syscalls.c.obj
 .debug_macro   0x00025ae5      0x1e7 CMakeFiles/devcontainer-stm32-cubemx-clean.dir/Core/Src/main.cpp.obj
 .debug_macro   0x00025ccc      0xc70 CMakeFiles/devcontainer-stm32-cubemx-clean.dir/Core/Src/main.cpp.obj
 .debug_macro   0x0002693c       0x1c CMakeFiles/devcontainer-stm32-cubemx-clean.dir/Core/Src/main.cpp.obj
 .debug_macro   0x00026958       0x56 CMakeFiles/devcontainer-stm32-cubemx-clean.dir/Core/Src/main.cpp.obj
 .debug_macro   0x000269ae     0x1011 CMakeFiles/devcontainer-stm32-cubemx-clean.dir/Core/Src/main.cpp.obj
 .debug_macro   0x000279bf      0x190 CMakeFiles/devcontainer-stm32-cubemx-clean.dir/Core/Src/main.cpp.obj
 .debug_macro   0x00027b4f      0x213 CMakeFiles/devcontainer-stm32-cubemx-clean.dir/Drivers/STM32L4xx_HAL_Driver/Src/stm32l4xx_hal.c.obj
 .debug_macro   0x00027d62      0x207 CMakeFiles/devcontainer-stm32-cubemx-clean.dir/Drivers/STM32L4xx_HAL_Driver/Src/stm32l4xx_hal_rcc.c.obj
 .debug_macro   0x00027f69      0x1cc CMakeFiles/devcontainer-stm32-cubemx-clean.dir/Drivers/STM32L4xx_HAL_Driver/Src/stm32l4xx_hal_gpio.c.obj
 .debug_macro   0x00028135      0x1e9 CMakeFiles/devcontainer-stm32-cubemx-clean.dir/Drivers/STM32L4xx_HAL_Driver/Src/stm32l4xx_hal_pwr_ex.c.obj
 .debug_macro   0x0002831e      0x1c5 CMakeFiles/devcontainer-stm32-cubemx-clean.dir/Drivers/STM32L4xx_HAL_Driver/Src/stm32l4xx_hal_cortex.c.obj

.debug_line     0x00000000     0x7236
 .debug_line    0x00000000      0x845 CMakeFiles/devcontainer-stm32-cubemx-clean.dir/Core/Src/system_clock.c.obj
 .debug_line    0x00000845      0x837 CMakeFiles/devcontainer-stm32-cubemx-clean.dir/Core/Src/stm32l4xx_it.c.obj
 .debug_line    0x0000107c      0x75c CMakeFiles/devcontainer-stm32-cubemx-clean.dir/Core/Src/stm32l4xx_hal_msp.c.obj
 .debug_line    0x000017d8      0x7f7 CMakeFiles/devcontainer-stm32-cubemx-clean.dir/Core/Src/system_stm32l4xx.c.obj
 .debug_line    0x00001fcf      0x2fc CMakeFiles/devcontainer-stm32-cubemx-clean.dir/Core/Src/sysmem.c.obj
 .debug_line    0x000022cb      0x62f CMakeFiles/devcontainer-stm32-cubemx-clean.dir/Core/Src/syscalls.c.obj
 .debug_line    0x000028fa      0x767 CMakeFiles/devcontainer-stm32-cubemx-clean.dir/Core/Src/main.cpp.obj
 .debug_line    0x00003061      0xb53 CMakeFiles/devcontainer-stm32-cubemx-clean.dir/Drivers/STM32L4xx_HAL_Driver/Src/stm32l4xx_hal.c.obj
 .debug_line    0x00003bb4      0xfcb CMakeFiles/devcontainer-stm32-cubemx-clean.dir/Drivers/STM32L4xx_HAL_Driver/Src/stm32l4xx_hal_rcc.c.obj
 .debug_line    0x00004b7f      0xbde CMakeFiles/devcontainer-stm32-cubemx-clean.dir/Drivers/STM32L4xx_HAL_Driver/Src/stm32l4xx_hal_gpio.c.obj
 .debug_line    0x0000575d      0xd44 CMakeFiles/devcontainer-stm32-cubemx-clean.dir/Drivers/STM32L4xx_HAL_Driver/Src/stm32l4xx_hal_pwr_ex.c.obj
 .debug_line    0x000064a1      0xd1b CMakeFiles/devcontainer-stm32-cubemx-clean.dir/Drivers/STM32L4xx_HAL_Driver/Src/stm32l4xx_hal_cortex.c.obj
 .debug_line    0x000071bc       0x7a CMakeFiles/devcontainer-stm32-cubemx-clean.dir/startup_stm32l476xx.s.obj

.debug_str      0x00000000    0xea995
 .debug_str     0x00000000    0xe5d00 CMakeFiles/devcontainer-stm32-cubemx-clean.dir/Core/Src/system_clock.c.obj
                              0xe5fbd (size before relaxing)
 .debug_str     0x000e5d00      0x148 CMakeFiles/devcontainer-stm32-cubemx-clean.dir/Core/Src/stm32l4xx_it.c.obj
                              0xe2ce9 (size before relaxing)
 .debug_str     0x000e5e48      0x1bf CMakeFiles/devcontainer-stm32-cubemx-clean.dir/Core/Src/stm32l4xx_hal_msp.c.obj
                              0xe2d70 (size before relaxing)
 .debug_str     0x000e6007      0x144 CMakeFiles/devcontainer-stm32-cubemx-clean.dir/Core/Src/system_stm32l4xx.c.obj